

================================================================
== Vivado HLS Report for 'grouperPE'
================================================================
* Date:           Sat May 13 19:59:14 2023

* Version:        2018.2 (Build 2258646 on Thu Jun 14 20:25:20 MDT 2018)
* Project:        S2
* Solution:       solution1
* Product family: zynq
* Target device:  xc7z045ffg900-2


================================================================
== Performance Estimates
================================================================
+ Timing (ns): 
    * Summary: 
    +--------+-------+----------+------------+
    |  Clock | Target| Estimated| Uncertainty|
    +--------+-------+----------+------------+
    |ap_clk  |  10.00|     7.593|        1.25|
    +--------+-------+----------+------------+

+ Latency (clock cycles): 
    * Summary: 
    +--------+--------+--------+--------+---------+
    |     Latency     |     Interval    | Pipeline|
    |   min  |   max  |   min  |   max  |   Type  |
    +--------+--------+--------+--------+---------+
    |  438278|  438278|  438278|  438278|   none  |
    +--------+--------+--------+--------+---------+

    + Detail: 
        * Instance: 
        +------------------+-------+-----+-----+-----+-----+---------+
        |                  |       |  Latency  |  Interval | Pipeline|
        |     Instance     | Module| min | max | min | max |   Type  |
        +------------------+-------+-----+-----+-----+-----+---------+
        |grp_LFSR_fu_3432  |LFSR   |  127|  127|  127|  127|   none  |
        +------------------+-------+-----+-----+-----+-----+---------+

        * Loop: 
        +-------------+--------+--------+----------+-----------+-----------+--------+----------+
        |             |     Latency     | Iteration|  Initiation Interval  |  Trip  |          |
        |  Loop Name  |   min  |   max  |  Latency |  achieved |   target  |  Count | Pipelined|
        +-------------+--------+--------+----------+-----------+-----------+--------+----------+
        |- Loop 1     |    1536|    1536|         3|          -|          -|     512|    no    |
        |- Loop 2     |   24320|   24320|        95|          -|          -|     256|    no    |
        |- Loop 3     |  131072|  131072|         2|          1|          1|  131072|    yes   |
        |- Loop 4     |    8704|    8704|        68|          -|          -|     128|    no    |
        | + Loop 4.1  |      64|      64|         2|          1|          1|      64|    yes   |
        |- Loop 5     |  272384|  272384|       133|          -|          -|    2048|    no    |
        | + Loop 5.1  |      64|      64|         2|          1|          1|      64|    yes   |
        | + Loop 5.2  |      64|      64|         2|          1|          1|      64|    yes   |
        +-------------+--------+--------+----------+-----------+-----------+--------+----------+



================================================================
== Utilization Estimates
================================================================
* Summary: 
+-----------------+---------+-------+--------+--------+
|       Name      | BRAM_18K| DSP48E|   FF   |   LUT  |
+-----------------+---------+-------+--------+--------+
|DSP              |        -|      -|       -|       -|
|Expression       |        -|      -|       0|    1351|
|FIFO             |        2|      -|      60|      67|
|Instance         |        -|      -|     224|    1465|
|Memory           |       80|      -|       0|       0|
|Multiplexer      |        -|      -|       -|    4434|
|Register         |        -|      -|    2531|       -|
+-----------------+---------+-------+--------+--------+
|Total            |       82|      0|    2815|    7317|
+-----------------+---------+-------+--------+--------+
|Available        |     1090|    900|  437200|  218600|
+-----------------+---------+-------+--------+--------+
|Utilization (%)  |        7|      0|   ~0   |       3|
+-----------------+---------+-------+--------+--------+

+ Detail: 
    * Instance: 
    +--------------------------+----------------------+---------+-------+-----+-----+
    |         Instance         |        Module        | BRAM_18K| DSP48E|  FF | LUT |
    +--------------------------+----------------------+---------+-------+-----+-----+
    |grp_LFSR_fu_3432          |LFSR                  |        0|      0|  224|  885|
    |computeS2_mux_432rcU_U25  |computeS2_mux_432rcU  |        0|      0|    0|  145|
    |computeS2_mux_432sc4_U26  |computeS2_mux_432sc4  |        0|      0|    0|  145|
    |computeS2_mux_432sc4_U27  |computeS2_mux_432sc4  |        0|      0|    0|  145|
    |computeS2_mux_432sc4_U28  |computeS2_mux_432sc4  |        0|      0|    0|  145|
    +--------------------------+----------------------+---------+-------+-----+-----+
    |Total                     |                      |        0|      0|  224| 1465|
    +--------------------------+----------------------+---------+-------+-----+-----+

    * DSP48: 
    N/A

    * Memory: 
    +-----------------------+----------------------+---------+---+----+-------+-----+------+-------------+
    |         Memory        |        Module        | BRAM_18K| FF| LUT| Words | Bits| Banks| W*Bits*Banks|
    +-----------------------+----------------------+---------+---+----+-------+-----+------+-------------+
    |featurePC_0_V_U        |grouperPE_featurebkb  |        2|  0|   0|   4096|    8|     1|        32768|
    |featurePC_1_V_U        |grouperPE_featurecud  |        2|  0|   0|   4096|    8|     1|        32768|
    |featurePC_2_V_U        |grouperPE_featurecud  |        2|  0|   0|   4096|    8|     1|        32768|
    |featurePC_3_V_U        |grouperPE_featurecud  |        2|  0|   0|   4096|    8|     1|        32768|
    |indexedFeatures_0_V_U  |grouperPE_indexedfYi  |       16|  0|   0|  32768|    8|     1|       262144|
    |indexedFeatures_1_V_U  |grouperPE_indexedfYi  |       16|  0|   0|  32768|    8|     1|       262144|
    |indexedFeatures_2_V_U  |grouperPE_indexedfYi  |       16|  0|   0|  32768|    8|     1|       262144|
    |indexedFeatures_3_V_U  |grouperPE_indexedfYi  |       16|  0|   0|  32768|    8|     1|       262144|
    |sampStore_0_U          |grouperPE_sampStoncg  |        1|  0|   0|     32|   32|     1|         1024|
    |sampStore_1_U          |grouperPE_sampStoncg  |        1|  0|   0|     32|   32|     1|         1024|
    |sampStore_2_U          |grouperPE_sampStoncg  |        1|  0|   0|     32|   32|     1|         1024|
    |sampStore_3_U          |grouperPE_sampStoncg  |        1|  0|   0|     32|   32|     1|         1024|
    |sampledFeatures_0_V_U  |grouperPE_sampledjbC  |        1|  0|   0|   2048|    8|     1|        16384|
    |sampledFeatures_1_V_U  |grouperPE_sampledjbC  |        1|  0|   0|   2048|    8|     1|        16384|
    |sampledFeatures_2_V_U  |grouperPE_sampledjbC  |        1|  0|   0|   2048|    8|     1|        16384|
    |sampledFeatures_3_V_U  |grouperPE_sampledjbC  |        1|  0|   0|   2048|    8|     1|        16384|
    +-----------------------+----------------------+---------+---+----+-------+-----+------+-------------+
    |Total                  |                      |       80|  0|   0| 155776|  224|    16|      1249280|
    +-----------------------+----------------------+---------+---+----+-------+-----+------+-------------+

    * FIFO: 
    +-----------------------+---------+----+----+------+-----+---------+
    |          Name         | BRAM_18K| FF | LUT| Depth| Bits| Size:D*B|
    +-----------------------+---------+----+----+------+-----+---------+
    |sampleStream_V_fifo_U  |        2|  60|  67|   256|   32|     8192|
    +-----------------------+---------+----+----+------+-----+---------+
    |Total                  |        2|  60|  67|   256|   32|     8192|
    +-----------------------+---------+----+----+------+-----+---------+

    * Expression: 
    +------------------------------------+----------+-------+---+----+------------+------------+
    |            Variable Name           | Operation| DSP48E| FF| LUT| Bitwidth P0| Bitwidth P1|
    +------------------------------------+----------+-------+---+----+------------+------------+
    |channels_1_fu_4909_p2               |     +    |      0|  0|  15|           7|           1|
    |channels_2_fu_5116_p2               |     +    |      0|  0|  15|           7|           1|
    |channels_3_fu_4742_p2               |     +    |      0|  0|  15|           7|           1|
    |channels_fu_5053_p2                 |     +    |      0|  0|  15|           7|           1|
    |indvar_flatten_next1_fu_4643_p2     |     +    |      0|  0|  25|          18|           1|
    |indvar_flatten_next2_fu_4971_p2     |     +    |      0|  0|  19|          12|           1|
    |indvar_flatten_op_fu_4748_p2        |     +    |      0|  0|  19|          12|           1|
    |neighbors_1_fu_5153_p2              |     +    |      0|  0|  15|           5|           1|
    |neighbors_fu_4709_p2                |     +    |      0|  0|  15|           1|           5|
    |points_1_fu_3455_p2                 |     +    |      0|  0|  17|          10|           1|
    |points_2_fu_3467_p2                 |     +    |      0|  0|  16|           9|           1|
    |samples_1_fu_4817_p2                |     +    |      0|  0|  15|           8|           1|
    |samples_2_fu_4977_p2                |     +    |      0|  0|  15|           1|           8|
    |samples_fu_4649_p2                  |     +    |      0|  0|  15|           1|           8|
    |tmp_152_fu_4776_p2                  |     +    |      0|  0|  17|          10|          10|
    |tmp_155_fu_4797_p2                  |     +    |      0|  0|  24|          17|          17|
    |tmp_169_fu_4923_p2                  |     +    |      0|  0|  20|          13|          13|
    |tmp_170_fu_4936_p2                  |     +    |      0|  0|  19|          12|          12|
    |tmp_171_fu_5093_p2                  |     +    |      0|  0|  17|          10|          10|
    |tmp_174_fu_5063_p2                  |     +    |      0|  0|  19|          12|          12|
    |tmp_175_fu_5126_p2                  |     +    |      0|  0|  24|          17|          17|
    |ap_block_pp2_stage0_01001           |    and   |      0|  0|   2|           1|           1|
    |ap_block_pp3_stage0_01001           |    and   |      0|  0|   2|           1|           1|
    |ap_block_state131                   |    and   |      0|  0|   2|           1|           1|
    |ap_block_state134                   |    and   |      0|  0|   2|           1|           1|
    |ap_block_state239_pp2_stage0_iter1  |    and   |      0|  0|   2|           1|           1|
    |ap_block_state242_pp3_stage0_iter1  |    and   |      0|  0|   2|           1|           1|
    |tmp_8_mid_fu_4703_p2                |    and   |      0|  0|   2|           1|           1|
    |exitcond_flatten1_fu_4637_p2        |   icmp   |      0|  0|  18|          18|          19|
    |exitcond_flatten2_fu_4965_p2        |   icmp   |      0|  0|  13|          12|          13|
    |exitcond_flatten_fu_4655_p2         |   icmp   |      0|  0|  13|          12|          11|
    |tmp_149_fu_4697_p2                  |   icmp   |      0|  0|  11|           7|           8|
    |tmp_15_fu_5047_p2                   |   icmp   |      0|  0|  11|           7|           8|
    |tmp_19_fu_5110_p2                   |   icmp   |      0|  0|  11|           7|           8|
    |tmp_1_fu_3461_p2                    |   icmp   |      0|  0|  13|           9|          10|
    |tmp_287_fu_4983_p2                  |   icmp   |      0|  0|  11|           5|           6|
    |tmp_3_fu_4811_p2                    |   icmp   |      0|  0|  13|           8|           9|
    |tmp_7_fu_4903_p2                    |   icmp   |      0|  0|  11|           7|           8|
    |tmp_s_fu_3449_p2                    |   icmp   |      0|  0|  13|          10|          11|
    |ap_block_state1                     |    or    |      0|  0|   2|           1|           1|
    |tmp_101_fu_4223_p2                  |    or    |      0|  0|  12|          12|           6|
    |tmp_103_fu_4241_p2                  |    or    |      0|  0|  12|          12|           6|
    |tmp_105_fu_4259_p2                  |    or    |      0|  0|  12|          12|           6|
    |tmp_107_fu_4277_p2                  |    or    |      0|  0|  12|          12|           6|
    |tmp_109_fu_4295_p2                  |    or    |      0|  0|  12|          12|           6|
    |tmp_111_fu_4313_p2                  |    or    |      0|  0|  12|          12|           6|
    |tmp_113_fu_4331_p2                  |    or    |      0|  0|  12|          12|           6|
    |tmp_115_fu_4349_p2                  |    or    |      0|  0|  12|          12|           6|
    |tmp_117_fu_4367_p2                  |    or    |      0|  0|  12|          12|           6|
    |tmp_119_fu_4385_p2                  |    or    |      0|  0|  12|          12|           6|
    |tmp_121_fu_4403_p2                  |    or    |      0|  0|  12|          12|           6|
    |tmp_123_fu_4421_p2                  |    or    |      0|  0|  12|          12|           6|
    |tmp_125_fu_4439_p2                  |    or    |      0|  0|  12|          12|           6|
    |tmp_127_fu_4457_p2                  |    or    |      0|  0|  12|          12|           6|
    |tmp_129_fu_4475_p2                  |    or    |      0|  0|  12|          12|           6|
    |tmp_131_fu_4493_p2                  |    or    |      0|  0|  12|          12|           6|
    |tmp_133_fu_4511_p2                  |    or    |      0|  0|  12|          12|           6|
    |tmp_135_fu_4529_p2                  |    or    |      0|  0|  12|          12|           6|
    |tmp_137_fu_4547_p2                  |    or    |      0|  0|  12|          12|           6|
    |tmp_139_fu_4565_p2                  |    or    |      0|  0|  12|          12|           6|
    |tmp_141_fu_4583_p2                  |    or    |      0|  0|  12|          12|           6|
    |tmp_143_fu_4601_p2                  |    or    |      0|  0|  12|          12|           6|
    |tmp_145_fu_4619_p2                  |    or    |      0|  0|  12|          12|           6|
    |tmp_151_fu_4715_p2                  |    or    |      0|  0|   2|           1|           1|
    |tmp_23_fu_3521_p2                   |    or    |      0|  0|  12|          12|           2|
    |tmp_25_fu_3539_p2                   |    or    |      0|  0|  12|          12|           2|
    |tmp_27_fu_3557_p2                   |    or    |      0|  0|  12|          12|           3|
    |tmp_29_fu_3575_p2                   |    or    |      0|  0|  12|          12|           3|
    |tmp_2_fu_3503_p2                    |    or    |      0|  0|  12|          12|           1|
    |tmp_31_fu_3593_p2                   |    or    |      0|  0|  12|          12|           3|
    |tmp_33_fu_3611_p2                   |    or    |      0|  0|  12|          12|           3|
    |tmp_35_fu_3629_p2                   |    or    |      0|  0|  12|          12|           4|
    |tmp_37_fu_3647_p2                   |    or    |      0|  0|  12|          12|           4|
    |tmp_39_fu_3665_p2                   |    or    |      0|  0|  12|          12|           4|
    |tmp_41_fu_3683_p2                   |    or    |      0|  0|  12|          12|           4|
    |tmp_43_fu_3701_p2                   |    or    |      0|  0|  12|          12|           4|
    |tmp_45_fu_3719_p2                   |    or    |      0|  0|  12|          12|           4|
    |tmp_47_fu_3737_p2                   |    or    |      0|  0|  12|          12|           4|
    |tmp_49_fu_3755_p2                   |    or    |      0|  0|  12|          12|           4|
    |tmp_51_fu_3773_p2                   |    or    |      0|  0|  12|          12|           5|
    |tmp_53_fu_3791_p2                   |    or    |      0|  0|  12|          12|           5|
    |tmp_55_fu_3809_p2                   |    or    |      0|  0|  12|          12|           5|
    |tmp_57_fu_3827_p2                   |    or    |      0|  0|  12|          12|           5|
    |tmp_59_fu_3845_p2                   |    or    |      0|  0|  12|          12|           5|
    |tmp_61_fu_3863_p2                   |    or    |      0|  0|  12|          12|           5|
    |tmp_63_fu_3881_p2                   |    or    |      0|  0|  12|          12|           5|
    |tmp_65_fu_3899_p2                   |    or    |      0|  0|  12|          12|           5|
    |tmp_67_fu_3917_p2                   |    or    |      0|  0|  12|          12|           5|
    |tmp_69_fu_3935_p2                   |    or    |      0|  0|  12|          12|           5|
    |tmp_71_fu_3953_p2                   |    or    |      0|  0|  12|          12|           5|
    |tmp_73_fu_3971_p2                   |    or    |      0|  0|  12|          12|           5|
    |tmp_75_fu_3989_p2                   |    or    |      0|  0|  12|          12|           5|
    |tmp_77_fu_4007_p2                   |    or    |      0|  0|  12|          12|           5|
    |tmp_79_fu_4025_p2                   |    or    |      0|  0|  12|          12|           5|
    |tmp_81_fu_4043_p2                   |    or    |      0|  0|  12|          12|           5|
    |tmp_83_fu_4061_p2                   |    or    |      0|  0|  12|          12|           6|
    |tmp_85_fu_4079_p2                   |    or    |      0|  0|  12|          12|           6|
    |tmp_87_fu_4097_p2                   |    or    |      0|  0|  12|          12|           6|
    |tmp_89_fu_4115_p2                   |    or    |      0|  0|  12|          12|           6|
    |tmp_91_fu_4133_p2                   |    or    |      0|  0|  12|          12|           6|
    |tmp_93_fu_4151_p2                   |    or    |      0|  0|  12|          12|           6|
    |tmp_95_fu_4169_p2                   |    or    |      0|  0|  12|          12|           6|
    |tmp_97_fu_4187_p2                   |    or    |      0|  0|  12|          12|           6|
    |tmp_99_fu_4205_p2                   |    or    |      0|  0|  12|          12|           6|
    |arrayNo4_cast1_mid2_s_fu_4669_p3    |  select  |      0|  0|   8|           1|           8|
    |arrayNo7_cast_mid2_v_1_fu_4997_p3   |  select  |      0|  0|   8|           1|           8|
    |channels3_mid2_fu_4721_p3           |  select  |      0|  0|   7|           1|           1|
    |indvar_flatten_next_fu_4754_p3      |  select  |      0|  0|  12|           1|           1|
    |neighbors2_mid_fu_4661_p3           |  select  |      0|  0|   5|           1|           1|
    |neighbors3_mid2_fu_4989_p3          |  select  |      0|  0|   5|           1|           1|
    |tmp_5_mid2_fu_4729_p3               |  select  |      0|  0|   5|           1|           5|
    |ap_enable_pp0                       |    xor   |      0|  0|   2|           1|           2|
    |ap_enable_pp1                       |    xor   |      0|  0|   2|           1|           2|
    |ap_enable_pp2                       |    xor   |      0|  0|   2|           1|           2|
    |ap_enable_pp3                       |    xor   |      0|  0|   2|           1|           2|
    |ap_enable_reg_pp0_iter1             |    xor   |      0|  0|   2|           2|           1|
    |ap_enable_reg_pp1_iter1             |    xor   |      0|  0|   2|           2|           1|
    |ap_enable_reg_pp2_iter1             |    xor   |      0|  0|   2|           2|           1|
    |ap_enable_reg_pp3_iter1             |    xor   |      0|  0|   2|           2|           1|
    |not_exitcond_flatten_fu_4691_p2     |    xor   |      0|  0|   2|           1|           2|
    +------------------------------------+----------+-------+---+----+------------+------------+
    |Total                               |          |      0|  0|1351|        1083|         603|
    +------------------------------------+----------+-------+---+----+------------+------------+

    * Multiplexer: 
    +--------------------------------------+------+-----------+-----+-----------+
    |                 Name                 |  LUT | Input Size| Bits| Total Bits|
    +--------------------------------------+------+-----------+-----+-----------+
    |ap_NS_fsm                             |  1025|        240|    1|        240|
    |ap_done                               |     9|          2|    1|          2|
    |ap_enable_reg_pp0_iter1               |    15|          3|    1|          3|
    |ap_enable_reg_pp1_iter1               |    15|          3|    1|          3|
    |ap_enable_reg_pp2_iter1               |    15|          3|    1|          3|
    |ap_enable_reg_pp3_iter1               |    15|          3|    1|          3|
    |ap_phi_mux_neighbors2_phi_fu_3337_p4  |     9|          2|    5|         10|
    |ap_phi_mux_samples4_phi_fu_3315_p4    |     9|          2|    8|         16|
    |channels2_reg_3366                    |     9|          2|    7|         14|
    |channels3_reg_3344                    |     9|          2|    7|         14|
    |channels4_reg_3410                    |     9|          2|    7|         14|
    |channels5_reg_3421                    |     9|          2|    7|         14|
    |featurePC_0_V_address0                |   153|         34|   12|        408|
    |featurePC_0_V_address1                |   153|         34|   12|        408|
    |featurePC_0_V_d0                      |   149|         33|    8|        264|
    |featurePC_0_V_d1                      |   149|         33|    8|        264|
    |featurePC_1_V_address0                |   153|         34|   12|        408|
    |featurePC_1_V_address1                |   149|         33|   12|        396|
    |featurePC_1_V_d0                      |   149|         33|    8|        264|
    |featurePC_1_V_d1                      |   149|         33|    8|        264|
    |featurePC_2_V_address0                |   153|         34|   12|        408|
    |featurePC_2_V_address1                |   149|         33|   12|        396|
    |featurePC_2_V_d0                      |   149|         33|    8|        264|
    |featurePC_2_V_d1                      |   149|         33|    8|        264|
    |featurePC_3_V_address0                |   153|         34|   12|        408|
    |featurePC_3_V_address1                |   149|         33|   12|        396|
    |featurePC_3_V_d0                      |   149|         33|    8|        264|
    |featurePC_3_V_d1                      |   149|         33|    8|        264|
    |features_V_V_blk_n                    |     9|          2|    1|          2|
    |inStream_V_V_blk_n                    |     9|          2|    1|          2|
    |indexedFeatures_0_V_address0          |    15|          3|   15|         45|
    |indexedFeatures_1_V_address0          |    15|          3|   15|         45|
    |indexedFeatures_2_V_address0          |    15|          3|   15|         45|
    |indexedFeatures_3_V_address0          |    15|          3|   15|         45|
    |indvar_flatten1_reg_3300              |     9|          2|   18|         36|
    |indvar_flatten2_reg_3377              |     9|          2|   12|         24|
    |indvar_flatten_reg_3322               |     9|          2|   12|         24|
    |neighbors2_reg_3333                   |     9|          2|    5|         10|
    |neighbors3_reg_3399                   |     9|          2|    5|         10|
    |outStream_V_V_blk_n                   |     9|          2|    1|          2|
    |outStream_V_V_din                     |    15|          3|    8|         24|
    |points3_reg_3288                      |     9|          2|    9|         18|
    |points_reg_3277                       |     9|          2|   10|         20|
    |real_start                            |     9|          2|    1|          2|
    |sampStore_0_address0                  |   153|         34|    5|        170|
    |sampStore_1_address0                  |   153|         34|    5|        170|
    |sampStore_2_address0                  |   153|         34|    5|        170|
    |sampStore_3_address0                  |   153|         34|    5|        170|
    |sampleStream_V_write                  |     9|          2|    1|          2|
    |sampledFeatures_0_V_address0          |    15|          3|   11|         33|
    |sampledFeatures_1_V_address0          |    15|          3|   11|         33|
    |sampledFeatures_2_V_address0          |    15|          3|   11|         33|
    |sampledFeatures_3_V_address0          |    15|          3|   11|         33|
    |samples4_reg_3311                     |     9|          2|    8|         16|
    |samples5_reg_3355                     |     9|          2|    8|         16|
    |samples6_reg_3388                     |     9|          2|    8|         16|
    +--------------------------------------+------+-----------+-----+-----------+
    |Total                                 |  4434|        992|  439|       6892|
    +--------------------------------------+------+-----------+-----+-----------+

    * Register: 
    +---------------------------------+-----+----+-----+-----------+
    |               Name              |  FF | LUT| Bits| Const Bits|
    +---------------------------------+-----+----+-----+-----------+
    |ap_CS_fsm                        |  239|   0|  239|          0|
    |ap_done_reg                      |    1|   0|    1|          0|
    |ap_enable_reg_pp0_iter0          |    1|   0|    1|          0|
    |ap_enable_reg_pp0_iter1          |    1|   0|    1|          0|
    |ap_enable_reg_pp1_iter0          |    1|   0|    1|          0|
    |ap_enable_reg_pp1_iter1          |    1|   0|    1|          0|
    |ap_enable_reg_pp2_iter0          |    1|   0|    1|          0|
    |ap_enable_reg_pp2_iter1          |    1|   0|    1|          0|
    |ap_enable_reg_pp3_iter0          |    1|   0|    1|          0|
    |ap_enable_reg_pp3_iter1          |    1|   0|    1|          0|
    |arrayNo3_cast_reg_5677           |    3|   0|    3|          0|
    |arrayNo4_cast1_mid2_reg_6935     |    3|   0|    3|          0|
    |arrayNo4_cast1_mid2_s_reg_6930   |    8|   0|    8|          0|
    |arrayNo5_reg_6978                |    3|   0|    3|          0|
    |arrayNo7_cast_mid2_reg_7077      |    3|   0|   32|         29|
    |arrayNo7_cast_mid2_v_1_reg_7072  |    8|   0|    8|          0|
    |channels2_reg_3366               |    7|   0|    7|          0|
    |channels3_mid2_reg_6944          |    7|   0|    7|          0|
    |channels3_reg_3344               |    7|   0|    7|          0|
    |channels4_reg_3410               |    7|   0|    7|          0|
    |channels5_reg_3421               |    7|   0|    7|          0|
    |exitcond_flatten1_reg_6921       |    1|   0|    1|          0|
    |featurePC_0_V_addr_10_reg_5721   |    6|   0|   12|          6|
    |featurePC_0_V_addr_11_reg_5726   |    6|   0|   12|          6|
    |featurePC_0_V_addr_12_reg_5731   |    6|   0|   12|          6|
    |featurePC_0_V_addr_13_reg_5736   |    6|   0|   12|          6|
    |featurePC_0_V_addr_14_reg_5741   |    6|   0|   12|          6|
    |featurePC_0_V_addr_15_reg_5746   |    6|   0|   12|          6|
    |featurePC_0_V_addr_16_reg_5751   |    6|   0|   12|          6|
    |featurePC_0_V_addr_17_reg_5756   |    6|   0|   12|          6|
    |featurePC_0_V_addr_18_reg_5761   |    6|   0|   12|          6|
    |featurePC_0_V_addr_19_reg_5766   |    6|   0|   12|          6|
    |featurePC_0_V_addr_20_reg_5771   |    6|   0|   12|          6|
    |featurePC_0_V_addr_21_reg_5776   |    6|   0|   12|          6|
    |featurePC_0_V_addr_22_reg_5781   |    6|   0|   12|          6|
    |featurePC_0_V_addr_23_reg_5786   |    6|   0|   12|          6|
    |featurePC_0_V_addr_24_reg_5791   |    6|   0|   12|          6|
    |featurePC_0_V_addr_25_reg_5796   |    6|   0|   12|          6|
    |featurePC_0_V_addr_26_reg_5801   |    6|   0|   12|          6|
    |featurePC_0_V_addr_27_reg_5806   |    6|   0|   12|          6|
    |featurePC_0_V_addr_28_reg_5811   |    6|   0|   12|          6|
    |featurePC_0_V_addr_29_reg_5816   |    6|   0|   12|          6|
    |featurePC_0_V_addr_2_reg_5681    |    6|   0|   12|          6|
    |featurePC_0_V_addr_30_reg_5821   |    6|   0|   12|          6|
    |featurePC_0_V_addr_31_reg_5826   |    6|   0|   12|          6|
    |featurePC_0_V_addr_32_reg_5831   |    6|   0|   12|          6|
    |featurePC_0_V_addr_33_reg_5836   |    6|   0|   12|          6|
    |featurePC_0_V_addr_34_reg_5841   |    6|   0|   12|          6|
    |featurePC_0_V_addr_35_reg_5846   |    6|   0|   12|          6|
    |featurePC_0_V_addr_36_reg_5851   |    6|   0|   12|          6|
    |featurePC_0_V_addr_37_reg_5856   |    6|   0|   12|          6|
    |featurePC_0_V_addr_38_reg_5861   |    6|   0|   12|          6|
    |featurePC_0_V_addr_39_reg_5866   |    6|   0|   12|          6|
    |featurePC_0_V_addr_3_reg_5686    |    6|   0|   12|          6|
    |featurePC_0_V_addr_40_reg_5871   |    6|   0|   12|          6|
    |featurePC_0_V_addr_41_reg_5876   |    6|   0|   12|          6|
    |featurePC_0_V_addr_42_reg_5881   |    6|   0|   12|          6|
    |featurePC_0_V_addr_43_reg_5886   |    6|   0|   12|          6|
    |featurePC_0_V_addr_44_reg_5891   |    6|   0|   12|          6|
    |featurePC_0_V_addr_45_reg_5896   |    6|   0|   12|          6|
    |featurePC_0_V_addr_46_reg_5901   |    6|   0|   12|          6|
    |featurePC_0_V_addr_47_reg_5906   |    6|   0|   12|          6|
    |featurePC_0_V_addr_48_reg_5911   |    6|   0|   12|          6|
    |featurePC_0_V_addr_49_reg_5916   |    6|   0|   12|          6|
    |featurePC_0_V_addr_4_reg_5691    |    6|   0|   12|          6|
    |featurePC_0_V_addr_50_reg_5921   |    6|   0|   12|          6|
    |featurePC_0_V_addr_51_reg_5926   |    6|   0|   12|          6|
    |featurePC_0_V_addr_52_reg_5931   |    6|   0|   12|          6|
    |featurePC_0_V_addr_53_reg_5936   |    6|   0|   12|          6|
    |featurePC_0_V_addr_54_reg_5941   |    6|   0|   12|          6|
    |featurePC_0_V_addr_55_reg_5946   |    6|   0|   12|          6|
    |featurePC_0_V_addr_56_reg_5951   |    6|   0|   12|          6|
    |featurePC_0_V_addr_57_reg_5956   |    6|   0|   12|          6|
    |featurePC_0_V_addr_58_reg_5961   |    6|   0|   12|          6|
    |featurePC_0_V_addr_59_reg_5966   |    6|   0|   12|          6|
    |featurePC_0_V_addr_5_reg_5696    |    6|   0|   12|          6|
    |featurePC_0_V_addr_60_reg_5971   |    6|   0|   12|          6|
    |featurePC_0_V_addr_61_reg_5976   |    6|   0|   12|          6|
    |featurePC_0_V_addr_62_reg_5981   |    6|   0|   12|          6|
    |featurePC_0_V_addr_63_reg_5986   |    6|   0|   12|          6|
    |featurePC_0_V_addr_6_reg_5701    |    6|   0|   12|          6|
    |featurePC_0_V_addr_7_reg_5706    |    6|   0|   12|          6|
    |featurePC_0_V_addr_8_reg_5711    |    6|   0|   12|          6|
    |featurePC_0_V_addr_9_reg_5716    |    6|   0|   12|          6|
    |featurePC_1_V_addr_10_reg_6031   |    6|   0|   12|          6|
    |featurePC_1_V_addr_11_reg_6036   |    6|   0|   12|          6|
    |featurePC_1_V_addr_12_reg_6041   |    6|   0|   12|          6|
    |featurePC_1_V_addr_13_reg_6046   |    6|   0|   12|          6|
    |featurePC_1_V_addr_14_reg_6051   |    6|   0|   12|          6|
    |featurePC_1_V_addr_15_reg_6056   |    6|   0|   12|          6|
    |featurePC_1_V_addr_16_reg_6061   |    6|   0|   12|          6|
    |featurePC_1_V_addr_17_reg_6066   |    6|   0|   12|          6|
    |featurePC_1_V_addr_18_reg_6071   |    6|   0|   12|          6|
    |featurePC_1_V_addr_19_reg_6076   |    6|   0|   12|          6|
    |featurePC_1_V_addr_20_reg_6081   |    6|   0|   12|          6|
    |featurePC_1_V_addr_21_reg_6086   |    6|   0|   12|          6|
    |featurePC_1_V_addr_22_reg_6091   |    6|   0|   12|          6|
    |featurePC_1_V_addr_23_reg_6096   |    6|   0|   12|          6|
    |featurePC_1_V_addr_24_reg_6101   |    6|   0|   12|          6|
    |featurePC_1_V_addr_25_reg_6106   |    6|   0|   12|          6|
    |featurePC_1_V_addr_26_reg_6111   |    6|   0|   12|          6|
    |featurePC_1_V_addr_27_reg_6116   |    6|   0|   12|          6|
    |featurePC_1_V_addr_28_reg_6121   |    6|   0|   12|          6|
    |featurePC_1_V_addr_29_reg_6126   |    6|   0|   12|          6|
    |featurePC_1_V_addr_2_reg_5991    |    6|   0|   12|          6|
    |featurePC_1_V_addr_30_reg_6131   |    6|   0|   12|          6|
    |featurePC_1_V_addr_31_reg_6136   |    6|   0|   12|          6|
    |featurePC_1_V_addr_32_reg_6141   |    6|   0|   12|          6|
    |featurePC_1_V_addr_33_reg_6146   |    6|   0|   12|          6|
    |featurePC_1_V_addr_34_reg_6151   |    6|   0|   12|          6|
    |featurePC_1_V_addr_35_reg_6156   |    6|   0|   12|          6|
    |featurePC_1_V_addr_36_reg_6161   |    6|   0|   12|          6|
    |featurePC_1_V_addr_37_reg_6166   |    6|   0|   12|          6|
    |featurePC_1_V_addr_38_reg_6171   |    6|   0|   12|          6|
    |featurePC_1_V_addr_39_reg_6176   |    6|   0|   12|          6|
    |featurePC_1_V_addr_3_reg_5996    |    6|   0|   12|          6|
    |featurePC_1_V_addr_40_reg_6181   |    6|   0|   12|          6|
    |featurePC_1_V_addr_41_reg_6186   |    6|   0|   12|          6|
    |featurePC_1_V_addr_42_reg_6191   |    6|   0|   12|          6|
    |featurePC_1_V_addr_43_reg_6196   |    6|   0|   12|          6|
    |featurePC_1_V_addr_44_reg_6201   |    6|   0|   12|          6|
    |featurePC_1_V_addr_45_reg_6206   |    6|   0|   12|          6|
    |featurePC_1_V_addr_46_reg_6211   |    6|   0|   12|          6|
    |featurePC_1_V_addr_47_reg_6216   |    6|   0|   12|          6|
    |featurePC_1_V_addr_48_reg_6221   |    6|   0|   12|          6|
    |featurePC_1_V_addr_49_reg_6226   |    6|   0|   12|          6|
    |featurePC_1_V_addr_4_reg_6001    |    6|   0|   12|          6|
    |featurePC_1_V_addr_50_reg_6231   |    6|   0|   12|          6|
    |featurePC_1_V_addr_51_reg_6236   |    6|   0|   12|          6|
    |featurePC_1_V_addr_52_reg_6241   |    6|   0|   12|          6|
    |featurePC_1_V_addr_53_reg_6246   |    6|   0|   12|          6|
    |featurePC_1_V_addr_54_reg_6251   |    6|   0|   12|          6|
    |featurePC_1_V_addr_55_reg_6256   |    6|   0|   12|          6|
    |featurePC_1_V_addr_56_reg_6261   |    6|   0|   12|          6|
    |featurePC_1_V_addr_57_reg_6266   |    6|   0|   12|          6|
    |featurePC_1_V_addr_58_reg_6271   |    6|   0|   12|          6|
    |featurePC_1_V_addr_59_reg_6276   |    6|   0|   12|          6|
    |featurePC_1_V_addr_5_reg_6006    |    6|   0|   12|          6|
    |featurePC_1_V_addr_60_reg_6281   |    6|   0|   12|          6|
    |featurePC_1_V_addr_61_reg_6286   |    6|   0|   12|          6|
    |featurePC_1_V_addr_62_reg_6291   |    6|   0|   12|          6|
    |featurePC_1_V_addr_63_reg_6296   |    6|   0|   12|          6|
    |featurePC_1_V_addr_6_reg_6011    |    6|   0|   12|          6|
    |featurePC_1_V_addr_7_reg_6016    |    6|   0|   12|          6|
    |featurePC_1_V_addr_8_reg_6021    |    6|   0|   12|          6|
    |featurePC_1_V_addr_9_reg_6026    |    6|   0|   12|          6|
    |featurePC_2_V_addr_10_reg_6341   |    6|   0|   12|          6|
    |featurePC_2_V_addr_11_reg_6346   |    6|   0|   12|          6|
    |featurePC_2_V_addr_12_reg_6351   |    6|   0|   12|          6|
    |featurePC_2_V_addr_13_reg_6356   |    6|   0|   12|          6|
    |featurePC_2_V_addr_14_reg_6361   |    6|   0|   12|          6|
    |featurePC_2_V_addr_15_reg_6366   |    6|   0|   12|          6|
    |featurePC_2_V_addr_16_reg_6371   |    6|   0|   12|          6|
    |featurePC_2_V_addr_17_reg_6376   |    6|   0|   12|          6|
    |featurePC_2_V_addr_18_reg_6381   |    6|   0|   12|          6|
    |featurePC_2_V_addr_19_reg_6386   |    6|   0|   12|          6|
    |featurePC_2_V_addr_20_reg_6391   |    6|   0|   12|          6|
    |featurePC_2_V_addr_21_reg_6396   |    6|   0|   12|          6|
    |featurePC_2_V_addr_22_reg_6401   |    6|   0|   12|          6|
    |featurePC_2_V_addr_23_reg_6406   |    6|   0|   12|          6|
    |featurePC_2_V_addr_24_reg_6411   |    6|   0|   12|          6|
    |featurePC_2_V_addr_25_reg_6416   |    6|   0|   12|          6|
    |featurePC_2_V_addr_26_reg_6421   |    6|   0|   12|          6|
    |featurePC_2_V_addr_27_reg_6426   |    6|   0|   12|          6|
    |featurePC_2_V_addr_28_reg_6431   |    6|   0|   12|          6|
    |featurePC_2_V_addr_29_reg_6436   |    6|   0|   12|          6|
    |featurePC_2_V_addr_2_reg_6301    |    6|   0|   12|          6|
    |featurePC_2_V_addr_30_reg_6441   |    6|   0|   12|          6|
    |featurePC_2_V_addr_31_reg_6446   |    6|   0|   12|          6|
    |featurePC_2_V_addr_32_reg_6451   |    6|   0|   12|          6|
    |featurePC_2_V_addr_33_reg_6456   |    6|   0|   12|          6|
    |featurePC_2_V_addr_34_reg_6461   |    6|   0|   12|          6|
    |featurePC_2_V_addr_35_reg_6466   |    6|   0|   12|          6|
    |featurePC_2_V_addr_36_reg_6471   |    6|   0|   12|          6|
    |featurePC_2_V_addr_37_reg_6476   |    6|   0|   12|          6|
    |featurePC_2_V_addr_38_reg_6481   |    6|   0|   12|          6|
    |featurePC_2_V_addr_39_reg_6486   |    6|   0|   12|          6|
    |featurePC_2_V_addr_3_reg_6306    |    6|   0|   12|          6|
    |featurePC_2_V_addr_40_reg_6491   |    6|   0|   12|          6|
    |featurePC_2_V_addr_41_reg_6496   |    6|   0|   12|          6|
    |featurePC_2_V_addr_42_reg_6501   |    6|   0|   12|          6|
    |featurePC_2_V_addr_43_reg_6506   |    6|   0|   12|          6|
    |featurePC_2_V_addr_44_reg_6511   |    6|   0|   12|          6|
    |featurePC_2_V_addr_45_reg_6516   |    6|   0|   12|          6|
    |featurePC_2_V_addr_46_reg_6521   |    6|   0|   12|          6|
    |featurePC_2_V_addr_47_reg_6526   |    6|   0|   12|          6|
    |featurePC_2_V_addr_48_reg_6531   |    6|   0|   12|          6|
    |featurePC_2_V_addr_49_reg_6536   |    6|   0|   12|          6|
    |featurePC_2_V_addr_4_reg_6311    |    6|   0|   12|          6|
    |featurePC_2_V_addr_50_reg_6541   |    6|   0|   12|          6|
    |featurePC_2_V_addr_51_reg_6546   |    6|   0|   12|          6|
    |featurePC_2_V_addr_52_reg_6551   |    6|   0|   12|          6|
    |featurePC_2_V_addr_53_reg_6556   |    6|   0|   12|          6|
    |featurePC_2_V_addr_54_reg_6561   |    6|   0|   12|          6|
    |featurePC_2_V_addr_55_reg_6566   |    6|   0|   12|          6|
    |featurePC_2_V_addr_56_reg_6571   |    6|   0|   12|          6|
    |featurePC_2_V_addr_57_reg_6576   |    6|   0|   12|          6|
    |featurePC_2_V_addr_58_reg_6581   |    6|   0|   12|          6|
    |featurePC_2_V_addr_59_reg_6586   |    6|   0|   12|          6|
    |featurePC_2_V_addr_5_reg_6316    |    6|   0|   12|          6|
    |featurePC_2_V_addr_60_reg_6591   |    6|   0|   12|          6|
    |featurePC_2_V_addr_61_reg_6596   |    6|   0|   12|          6|
    |featurePC_2_V_addr_62_reg_6601   |    6|   0|   12|          6|
    |featurePC_2_V_addr_63_reg_6606   |    6|   0|   12|          6|
    |featurePC_2_V_addr_6_reg_6321    |    6|   0|   12|          6|
    |featurePC_2_V_addr_7_reg_6326    |    6|   0|   12|          6|
    |featurePC_2_V_addr_8_reg_6331    |    6|   0|   12|          6|
    |featurePC_2_V_addr_9_reg_6336    |    6|   0|   12|          6|
    |featurePC_3_V_addr_10_reg_6651   |    6|   0|   12|          6|
    |featurePC_3_V_addr_11_reg_6656   |    6|   0|   12|          6|
    |featurePC_3_V_addr_12_reg_6661   |    6|   0|   12|          6|
    |featurePC_3_V_addr_13_reg_6666   |    6|   0|   12|          6|
    |featurePC_3_V_addr_14_reg_6671   |    6|   0|   12|          6|
    |featurePC_3_V_addr_15_reg_6676   |    6|   0|   12|          6|
    |featurePC_3_V_addr_16_reg_6681   |    6|   0|   12|          6|
    |featurePC_3_V_addr_17_reg_6686   |    6|   0|   12|          6|
    |featurePC_3_V_addr_18_reg_6691   |    6|   0|   12|          6|
    |featurePC_3_V_addr_19_reg_6696   |    6|   0|   12|          6|
    |featurePC_3_V_addr_20_reg_6701   |    6|   0|   12|          6|
    |featurePC_3_V_addr_21_reg_6706   |    6|   0|   12|          6|
    |featurePC_3_V_addr_22_reg_6711   |    6|   0|   12|          6|
    |featurePC_3_V_addr_23_reg_6716   |    6|   0|   12|          6|
    |featurePC_3_V_addr_24_reg_6721   |    6|   0|   12|          6|
    |featurePC_3_V_addr_25_reg_6726   |    6|   0|   12|          6|
    |featurePC_3_V_addr_26_reg_6731   |    6|   0|   12|          6|
    |featurePC_3_V_addr_27_reg_6736   |    6|   0|   12|          6|
    |featurePC_3_V_addr_28_reg_6741   |    6|   0|   12|          6|
    |featurePC_3_V_addr_29_reg_6746   |    6|   0|   12|          6|
    |featurePC_3_V_addr_2_reg_6611    |    6|   0|   12|          6|
    |featurePC_3_V_addr_30_reg_6751   |    6|   0|   12|          6|
    |featurePC_3_V_addr_31_reg_6756   |    6|   0|   12|          6|
    |featurePC_3_V_addr_32_reg_6761   |    6|   0|   12|          6|
    |featurePC_3_V_addr_33_reg_6766   |    6|   0|   12|          6|
    |featurePC_3_V_addr_34_reg_6771   |    6|   0|   12|          6|
    |featurePC_3_V_addr_35_reg_6776   |    6|   0|   12|          6|
    |featurePC_3_V_addr_36_reg_6781   |    6|   0|   12|          6|
    |featurePC_3_V_addr_37_reg_6786   |    6|   0|   12|          6|
    |featurePC_3_V_addr_38_reg_6791   |    6|   0|   12|          6|
    |featurePC_3_V_addr_39_reg_6796   |    6|   0|   12|          6|
    |featurePC_3_V_addr_3_reg_6616    |    6|   0|   12|          6|
    |featurePC_3_V_addr_40_reg_6801   |    6|   0|   12|          6|
    |featurePC_3_V_addr_41_reg_6806   |    6|   0|   12|          6|
    |featurePC_3_V_addr_42_reg_6811   |    6|   0|   12|          6|
    |featurePC_3_V_addr_43_reg_6816   |    6|   0|   12|          6|
    |featurePC_3_V_addr_44_reg_6821   |    6|   0|   12|          6|
    |featurePC_3_V_addr_45_reg_6826   |    6|   0|   12|          6|
    |featurePC_3_V_addr_46_reg_6831   |    6|   0|   12|          6|
    |featurePC_3_V_addr_47_reg_6836   |    6|   0|   12|          6|
    |featurePC_3_V_addr_48_reg_6841   |    6|   0|   12|          6|
    |featurePC_3_V_addr_49_reg_6846   |    6|   0|   12|          6|
    |featurePC_3_V_addr_4_reg_6621    |    6|   0|   12|          6|
    |featurePC_3_V_addr_50_reg_6851   |    6|   0|   12|          6|
    |featurePC_3_V_addr_51_reg_6856   |    6|   0|   12|          6|
    |featurePC_3_V_addr_52_reg_6861   |    6|   0|   12|          6|
    |featurePC_3_V_addr_53_reg_6866   |    6|   0|   12|          6|
    |featurePC_3_V_addr_54_reg_6871   |    6|   0|   12|          6|
    |featurePC_3_V_addr_55_reg_6876   |    6|   0|   12|          6|
    |featurePC_3_V_addr_56_reg_6881   |    6|   0|   12|          6|
    |featurePC_3_V_addr_57_reg_6886   |    6|   0|   12|          6|
    |featurePC_3_V_addr_58_reg_6891   |    6|   0|   12|          6|
    |featurePC_3_V_addr_59_reg_6896   |    6|   0|   12|          6|
    |featurePC_3_V_addr_5_reg_6626    |    6|   0|   12|          6|
    |featurePC_3_V_addr_60_reg_6901   |    6|   0|   12|          6|
    |featurePC_3_V_addr_61_reg_6906   |    6|   0|   12|          6|
    |featurePC_3_V_addr_62_reg_6911   |    6|   0|   12|          6|
    |featurePC_3_V_addr_63_reg_6916   |    6|   0|   12|          6|
    |featurePC_3_V_addr_6_reg_6631    |    6|   0|   12|          6|
    |featurePC_3_V_addr_7_reg_6636    |    6|   0|   12|          6|
    |featurePC_3_V_addr_8_reg_6641    |    6|   0|   12|          6|
    |featurePC_3_V_addr_9_reg_6646    |    6|   0|   12|          6|
    |grp_LFSR_fu_3432_ap_start_reg    |    1|   0|    1|          0|
    |indvar_flatten1_reg_3300         |   18|   0|   18|          0|
    |indvar_flatten2_reg_3377         |   12|   0|   12|          0|
    |indvar_flatten_next2_reg_7061    |   12|   0|   12|          0|
    |indvar_flatten_reg_3322          |   12|   0|   12|          0|
    |neighbors2_reg_3333              |    5|   0|    5|          0|
    |neighbors3_mid2_reg_7066         |    5|   0|    5|          0|
    |neighbors3_reg_3399              |    5|   0|    5|          0|
    |points3_reg_3288                 |    9|   0|    9|          0|
    |points_1_reg_5167                |   10|   0|   10|          0|
    |points_2_reg_5176                |    9|   0|    9|          0|
    |points_reg_3277                  |   10|   0|   10|          0|
    |reg_3437                         |    8|   0|    8|          0|
    |samples4_reg_3311                |    8|   0|    8|          0|
    |samples5_reg_3355                |    8|   0|    8|          0|
    |samples6_reg_3388                |    8|   0|    8|          0|
    |samples_1_reg_6973               |    8|   0|    8|          0|
    |start_once_reg                   |    1|   0|    1|          0|
    |tmp_158_cast_reg_7008            |    5|   0|   12|          7|
    |tmp_159_reg_7013                 |   26|   0|   32|          6|
    |tmp_15_reg_7093                  |    1|   0|    1|          0|
    |tmp_162_cast_reg_7018            |    6|   0|   13|          7|
    |tmp_165_cast_reg_7083            |    5|   0|   10|          5|
    |tmp_168_cast_reg_7088            |    5|   0|   12|          7|
    |tmp_170_reg_7052                 |   12|   0|   12|          0|
    |tmp_173_cast_reg_7122            |   10|   0|   17|          7|
    |tmp_19_reg_7127                  |    1|   0|    1|          0|
    |tmp_283_reg_6939                 |    5|   0|    5|          0|
    |tmp_285_reg_6983                 |    5|   0|    5|          0|
    |tmp_5_mid2_reg_6949              |    5|   0|    5|          0|
    |tmp_V_10_reg_5253                |    8|   0|    8|          0|
    |tmp_V_11_reg_5261                |    8|   0|    8|          0|
    |tmp_V_12_reg_5269                |    8|   0|    8|          0|
    |tmp_V_13_reg_5277                |    8|   0|    8|          0|
    |tmp_V_14_reg_5285                |    8|   0|    8|          0|
    |tmp_V_15_reg_5293                |    8|   0|    8|          0|
    |tmp_V_16_reg_5301                |    8|   0|    8|          0|
    |tmp_V_17_reg_5309                |    8|   0|    8|          0|
    |tmp_V_18_reg_5317                |    8|   0|    8|          0|
    |tmp_V_19_reg_5325                |    8|   0|    8|          0|
    |tmp_V_1_reg_5181                 |    8|   0|    8|          0|
    |tmp_V_20_reg_5333                |    8|   0|    8|          0|
    |tmp_V_21_reg_5341                |    8|   0|    8|          0|
    |tmp_V_22_reg_5349                |    8|   0|    8|          0|
    |tmp_V_23_reg_5357                |    8|   0|    8|          0|
    |tmp_V_24_reg_5365                |    8|   0|    8|          0|
    |tmp_V_25_reg_5373                |    8|   0|    8|          0|
    |tmp_V_26_reg_5381                |    8|   0|    8|          0|
    |tmp_V_27_reg_5389                |    8|   0|    8|          0|
    |tmp_V_28_reg_5397                |    8|   0|    8|          0|
    |tmp_V_29_reg_5405                |    8|   0|    8|          0|
    |tmp_V_2_reg_5189                 |    8|   0|    8|          0|
    |tmp_V_30_reg_5413                |    8|   0|    8|          0|
    |tmp_V_31_reg_5421                |    8|   0|    8|          0|
    |tmp_V_32_reg_5429                |    8|   0|    8|          0|
    |tmp_V_33_reg_5437                |    8|   0|    8|          0|
    |tmp_V_34_reg_5445                |    8|   0|    8|          0|
    |tmp_V_35_reg_5453                |    8|   0|    8|          0|
    |tmp_V_36_reg_5461                |    8|   0|    8|          0|
    |tmp_V_37_reg_5469                |    8|   0|    8|          0|
    |tmp_V_38_reg_5477                |    8|   0|    8|          0|
    |tmp_V_39_reg_5485                |    8|   0|    8|          0|
    |tmp_V_3_reg_5197                 |    8|   0|    8|          0|
    |tmp_V_40_reg_5493                |    8|   0|    8|          0|
    |tmp_V_41_reg_5501                |    8|   0|    8|          0|
    |tmp_V_42_reg_5509                |    8|   0|    8|          0|
    |tmp_V_43_reg_5517                |    8|   0|    8|          0|
    |tmp_V_44_reg_5525                |    8|   0|    8|          0|
    |tmp_V_45_reg_5533                |    8|   0|    8|          0|
    |tmp_V_46_reg_5541                |    8|   0|    8|          0|
    |tmp_V_47_reg_5549                |    8|   0|    8|          0|
    |tmp_V_48_reg_5557                |    8|   0|    8|          0|
    |tmp_V_49_reg_5565                |    8|   0|    8|          0|
    |tmp_V_4_reg_5205                 |    8|   0|    8|          0|
    |tmp_V_50_reg_5573                |    8|   0|    8|          0|
    |tmp_V_51_reg_5581                |    8|   0|    8|          0|
    |tmp_V_52_reg_5589                |    8|   0|    8|          0|
    |tmp_V_53_reg_5597                |    8|   0|    8|          0|
    |tmp_V_54_reg_5605                |    8|   0|    8|          0|
    |tmp_V_55_reg_5613                |    8|   0|    8|          0|
    |tmp_V_56_reg_5621                |    8|   0|    8|          0|
    |tmp_V_57_reg_5629                |    8|   0|    8|          0|
    |tmp_V_58_reg_5637                |    8|   0|    8|          0|
    |tmp_V_59_reg_5645                |    8|   0|    8|          0|
    |tmp_V_5_reg_5213                 |    8|   0|    8|          0|
    |tmp_V_60_reg_5653                |    8|   0|    8|          0|
    |tmp_V_61_reg_5661                |    8|   0|    8|          0|
    |tmp_V_62_reg_5669                |    8|   0|    8|          0|
    |tmp_V_6_reg_5221                 |    8|   0|    8|          0|
    |tmp_V_7_reg_5229                 |    8|   0|    8|          0|
    |tmp_V_8_reg_5237                 |    8|   0|    8|          0|
    |tmp_V_9_reg_5245                 |    8|   0|    8|          0|
    +---------------------------------+-----+----+-----+-----------+
    |Total                            | 2531|   0| 4087|       1556|
    +---------------------------------+-----+----+-----+-----------+



================================================================
== Interface
================================================================
* Summary: 
+----------------------+-----+-----+------------+---------------+--------------+
|       RTL Ports      | Dir | Bits|  Protocol  | Source Object |    C Type    |
+----------------------+-----+-----+------------+---------------+--------------+
|ap_clk                |  in |    1| ap_ctrl_hs |   grouperPE   | return value |
|ap_rst                |  in |    1| ap_ctrl_hs |   grouperPE   | return value |
|ap_start              |  in |    1| ap_ctrl_hs |   grouperPE   | return value |
|start_full_n          |  in |    1| ap_ctrl_hs |   grouperPE   | return value |
|ap_done               | out |    1| ap_ctrl_hs |   grouperPE   | return value |
|ap_continue           |  in |    1| ap_ctrl_hs |   grouperPE   | return value |
|ap_idle               | out |    1| ap_ctrl_hs |   grouperPE   | return value |
|ap_ready              | out |    1| ap_ctrl_hs |   grouperPE   | return value |
|start_out             | out |    1| ap_ctrl_hs |   grouperPE   | return value |
|start_write           | out |    1| ap_ctrl_hs |   grouperPE   | return value |
|inStream_V_V_dout     |  in |    8|   ap_fifo  |  inStream_V_V |    pointer   |
|inStream_V_V_empty_n  |  in |    1|   ap_fifo  |  inStream_V_V |    pointer   |
|inStream_V_V_read     | out |    1|   ap_fifo  |  inStream_V_V |    pointer   |
|features_V_V_dout     |  in |    8|   ap_fifo  |  features_V_V |    pointer   |
|features_V_V_empty_n  |  in |    1|   ap_fifo  |  features_V_V |    pointer   |
|features_V_V_read     | out |    1|   ap_fifo  |  features_V_V |    pointer   |
|outStream_V_V_din     | out |    8|   ap_fifo  | outStream_V_V |    pointer   |
|outStream_V_V_full_n  |  in |    1|   ap_fifo  | outStream_V_V |    pointer   |
|outStream_V_V_write   | out |    1|   ap_fifo  | outStream_V_V |    pointer   |
+----------------------+-----+-----+------------+---------------+--------------+

