

================================================================
== Vivado HLS Report for 'Conv1DMac_new400'
================================================================
* Date:           Wed May 10 08:51:43 2023

* Version:        2018.2 (Build 2258646 on Thu Jun 14 20:25:20 MDT 2018)
* Project:        S3
* Solution:       solution1
* Product family: zynq
* Target device:  xc7z045ffg900-2


================================================================
== Performance Estimates
================================================================
+ Timing (ns): 
    * Summary: 
    +--------+-------+----------+------------+
    |  Clock | Target| Estimated| Uncertainty|
    +--------+-------+----------+------------+
    |ap_clk  |  10.00|     7.629|        1.25|
    +--------+-------+----------+------------+

+ Latency (clock cycles): 
    * Summary: 
    +----------+----------+----------+----------+---------+
    |       Latency       |       Interval      | Pipeline|
    |    min   |    max   |    min   |    max   |   Type  |
    +----------+----------+----------+----------+---------+
    |  16777221|  16777221|  16777221|  16777221|   none  |
    +----------+----------+----------+----------+---------+

    + Detail: 
        * Instance: 
        N/A

        * Loop: 
        +-----------------------------------------------------+----------+----------+----------+-----------+-----------+----------+----------+
        |                                                     |       Latency       | Iteration|  Initiation Interval  |   Trip   |          |
        |                      Loop Name                      |    min   |    max   |  Latency |  achieved |   target  |   Count  | Pipelined|
        +-----------------------------------------------------+----------+----------+----------+-----------+-----------+----------+----------+
        |- loop_ofmChannels_loop_neuronFold_loop_synapseFold  |  16777219|  16777219|         5|          1|          1|  16777216|    yes   |
        +-----------------------------------------------------+----------+----------+----------+-----------+-----------+----------+----------+



================================================================
== Utilization Estimates
================================================================
* Summary: 
+-----------------+---------+-------+--------+--------+
|       Name      | BRAM_18K| DSP48E|   FF   |   LUT  |
+-----------------+---------+-------+--------+--------+
|DSP              |        -|      -|       -|       -|
|Expression       |        -|      0|       0|     665|
|FIFO             |        -|      -|       -|       -|
|Instance         |        -|      -|       0|      68|
|Memory           |       20|      -|       0|       0|
|Multiplexer      |        -|      -|       -|     147|
|Register         |        0|      -|     369|      96|
+-----------------+---------+-------+--------+--------+
|Total            |       20|      0|     369|     976|
+-----------------+---------+-------+--------+--------+
|Available        |     1090|    900|  437200|  218600|
+-----------------+---------+-------+--------+--------+
|Utilization (%)  |        1|      0|   ~0   |   ~0   |
+-----------------+---------+-------+--------+--------+

+ Detail: 
    * Instance: 
    +--------------------------+----------------------+---------+-------+---+----+
    |         Instance         |        Module        | BRAM_18K| DSP48E| FF| LUT|
    +--------------------------+----------------------+---------+-------+---+----+
    |computeS3_mux_646yd2_U41  |computeS3_mux_646yd2  |        0|      0|  0|  17|
    |computeS3_mux_646yd2_U42  |computeS3_mux_646yd2  |        0|      0|  0|  17|
    |computeS3_mux_646yd2_U43  |computeS3_mux_646yd2  |        0|      0|  0|  17|
    |computeS3_mux_646yd2_U44  |computeS3_mux_646yd2  |        0|      0|  0|  17|
    +--------------------------+----------------------+---------+-------+---+----+
    |Total                     |                      |        0|      0|  0|  68|
    +--------------------------+----------------------+---------+-------+---+----+

    * DSP48: 
    N/A

    * Memory: 
    +-------------------------+----------------------+---------+---+----+-------+-----+------+-------------+
    |          Memory         |        Module        | BRAM_18K| FF| LUT| Words | Bits| Banks| W*Bits*Banks|
    +-------------------------+----------------------+---------+---+----+-------+-----+------+-------------+
    |weights11_m_weights_3_U  |Conv1DMac_new400_udo  |        5|  0|   0|  16384|    5|     1|        81920|
    |weights11_m_weights_2_U  |Conv1DMac_new400_vdy  |        5|  0|   0|  16384|    5|     1|        81920|
    |weights11_m_weights_1_U  |Conv1DMac_new400_wdI  |        5|  0|   0|  16384|    5|     1|        81920|
    |weights11_m_weights_s_U  |Conv1DMac_new400_xdS  |        5|  0|   0|  16384|    5|     1|        81920|
    +-------------------------+----------------------+---------+---+----+-------+-----+------+-------------+
    |Total                    |                      |       20|  0|   0|  65536|   20|     4|       327680|
    +-------------------------+----------------------+---------+---+----+-------+-----+------+-------------+

    * FIFO: 
    N/A

    * Expression: 
    +----------------------------------+----------+-------+---+----+------------+------------+
    |           Variable Name          | Operation| DSP48E| FF| LUT| Bitwidth P0| Bitwidth P1|
    +----------------------------------+----------+-------+---+----+------------+------------+
    |p_Val2_1_fu_519_p2                |     *    |      0|  0|  41|           8|           5|
    |p_Val2_2_fu_608_p2                |     *    |      0|  0|  41|           8|           5|
    |p_Val2_3_fu_697_p2                |     *    |      0|  0|  41|           8|           5|
    |p_Val2_s_fu_430_p2                |     *    |      0|  0|  41|           8|           5|
    |indvar_flatten_next1_fu_271_p2    |     +    |      0|  0|  32|           1|          25|
    |indvar_flatten_op_fu_403_p2       |     +    |      0|  0|  23|          16|           1|
    |macRegisters_0_V_fu_798_p2        |     +    |      0|  0|  15|           8|           8|
    |macRegisters_1_V_fu_807_p2        |     +    |      0|  0|  15|           8|           8|
    |macRegisters_2_V_fu_816_p2        |     +    |      0|  0|  15|           8|           8|
    |macRegisters_3_V_fu_825_p2        |     +    |      0|  0|  15|           8|           8|
    |nm_2_fu_325_p2                    |     +    |      0|  0|  15|           1|           7|
    |p_Val2_23_1_fu_1123_p2            |     +    |      0|  0|  15|           8|           8|
    |p_Val2_23_2_fu_1262_p2            |     +    |      0|  0|  15|           8|           8|
    |p_Val2_23_3_fu_1401_p2            |     +    |      0|  0|  15|           8|           8|
    |p_Val2_4_fu_984_p2                |     +    |      0|  0|  15|           8|           8|
    |sf_2_fu_397_p2                    |     +    |      0|  0|  16|           9|           1|
    |tmp1_fu_510_p2                    |     +    |      0|  0|  15|           7|           7|
    |tmp2_fu_599_p2                    |     +    |      0|  0|  15|           7|           7|
    |tmp3_fu_688_p2                    |     +    |      0|  0|  15|           7|           7|
    |tmp4_fu_777_p2                    |     +    |      0|  0|  15|           7|           7|
    |tmp_207_fu_385_p2                 |     +    |      0|  0|  21|          14|          14|
    |ap_block_state4_pp0_stage0_iter2  |    and   |      0|  0|   2|           1|           1|
    |ap_block_state6_pp0_stage0_iter4  |    and   |      0|  0|   2|           1|           1|
    |qb_assign_2_1_fu_589_p2           |    and   |      0|  0|   2|           1|           1|
    |qb_assign_2_2_fu_678_p2           |    and   |      0|  0|   2|           1|           1|
    |qb_assign_2_3_fu_767_p2           |    and   |      0|  0|   2|           1|           1|
    |qb_assign_2_fu_500_p2             |    and   |      0|  0|   2|           1|           1|
    |tmp_237_mid_fu_319_p2             |    and   |      0|  0|   2|           1|           1|
    |exitcond_flatten2_fu_277_p2       |   icmp   |      0|  0|  13|          16|          15|
    |exitcond_flatten_fu_265_p2        |   icmp   |      0|  0|  18|          25|          26|
    |tmp_213_fu_494_p2                 |   icmp   |      0|  0|  11|           6|           1|
    |tmp_227_fu_391_p2                 |   icmp   |      0|  0|  13|           9|           8|
    |tmp_279_1_fu_583_p2               |   icmp   |      0|  0|  11|           6|           1|
    |tmp_279_2_fu_672_p2               |   icmp   |      0|  0|  11|           6|           1|
    |tmp_279_3_fu_761_p2               |   icmp   |      0|  0|  11|           6|           1|
    |tmp_887_fu_313_p2                 |   icmp   |      0|  0|  13|           9|          10|
    |ap_block_pp0_stage0_01001         |    or    |      0|  0|   2|           1|           1|
    |ap_block_state1                   |    or    |      0|  0|   2|           1|           1|
    |tmp_210_fu_470_p2                 |    or    |      0|  0|   2|           1|           1|
    |tmp_216_fu_559_p2                 |    or    |      0|  0|   2|           1|           1|
    |tmp_220_fu_648_p2                 |    or    |      0|  0|   2|           1|           1|
    |tmp_224_fu_737_p2                 |    or    |      0|  0|   2|           1|           1|
    |tmp_863_fu_331_p2                 |    or    |      0|  0|   2|           1|           1|
    |indvar_flatten_next_fu_409_p3     |  select  |      0|  0|  16|           1|           1|
    |nm_mid2_fu_373_p3                 |  select  |      0|  0|   7|           1|           7|
    |nm_mid_fu_283_p3                  |  select  |      0|  0|   7|           1|           1|
    |nm_t_mid2_fu_365_p3               |  select  |      0|  0|   6|           1|           6|
    |nm_t_mid_fu_299_p3                |  select  |      0|  0|   6|           1|           1|
    |sf_mid2_fu_337_p3                 |  select  |      0|  0|   9|           1|           1|
    |tmp_236_mid2_fu_357_p3            |  select  |      0|  0|  14|           1|          14|
    |tmp_236_mid_fu_291_p3             |  select  |      0|  0|  14|           1|           1|
    |ap_enable_pp0                     |    xor   |      0|  0|   2|           1|           2|
    |ap_enable_reg_pp0_iter1           |    xor   |      0|  0|   2|           2|           1|
    |not_exitcond_flatten_fu_307_p2    |    xor   |      0|  0|   2|           1|           2|
    +----------------------------------+----------+-------+---+----+------------+------------+
    |Total                             |          |      0|  0| 665|         274|         274|
    +----------------------------------+----------+-------+---+----+------------+------------+

    * Multiplexer: 
    +---------------------------+----+-----------+-----+-----------+
    |            Name           | LUT| Input Size| Bits| Total Bits|
    +---------------------------+----+-----------+-----+-----------+
    |ap_NS_fsm                  |  21|          4|    1|          4|
    |ap_done                    |   9|          2|    1|          2|
    |ap_enable_reg_pp0_iter1    |   9|          2|    1|          2|
    |ap_enable_reg_pp0_iter4    |   9|          2|    1|          2|
    |in_V_V_blk_n               |   9|          2|    1|          2|
    |indvar_flatten2_reg_189    |   9|          2|   25|         50|
    |indvar_flatten_reg_200     |   9|          2|   16|         32|
    |macRegisters_0_V_7_fu_108  |   9|          2|    8|         16|
    |macRegisters_1_V_7_fu_112  |   9|          2|    8|         16|
    |macRegisters_2_V_7_fu_116  |   9|          2|    8|         16|
    |macRegisters_3_V_7_fu_120  |   9|          2|    8|         16|
    |nm_reg_211                 |   9|          2|    7|         14|
    |out_V_V_blk_n              |   9|          2|    1|          2|
    |real_start                 |   9|          2|    1|          2|
    |sf_reg_222                 |   9|          2|    9|         18|
    +---------------------------+----+-----------+-----+-----------+
    |Total                      | 147|         32|   96|        194|
    +---------------------------+----+-----------+-----+-----------+

    * Register: 
    +---------------------------------+----+----+-----+-----------+
    |               Name              | FF | LUT| Bits| Const Bits|
    +---------------------------------+----+----+-----+-----------+
    |ap_CS_fsm                        |   3|   0|    3|          0|
    |ap_done_reg                      |   1|   0|    1|          0|
    |ap_enable_reg_pp0_iter0          |   1|   0|    1|          0|
    |ap_enable_reg_pp0_iter1          |   1|   0|    1|          0|
    |ap_enable_reg_pp0_iter2          |   1|   0|    1|          0|
    |ap_enable_reg_pp0_iter3          |   1|   0|    1|          0|
    |ap_enable_reg_pp0_iter4          |   1|   0|    1|          0|
    |exitcond_flatten_reg_1448        |   1|   0|    1|          0|
    |indvar_flatten2_reg_189          |  25|   0|   25|          0|
    |indvar_flatten_reg_200           |  16|   0|   16|          0|
    |macRegisters_0_V_7_fu_108        |   8|   0|    8|          0|
    |macRegisters_1_V_7_fu_112        |   8|   0|    8|          0|
    |macRegisters_2_V_7_fu_116        |   8|   0|    8|          0|
    |macRegisters_3_V_7_fu_120        |   8|   0|    8|          0|
    |nm_reg_211                       |   7|   0|    7|          0|
    |nm_t_mid2_reg_1457               |   6|   0|    6|          0|
    |sf_reg_222                       |   9|   0|    9|          0|
    |start_once_reg                   |   1|   0|    1|          0|
    |tmp1_reg_1534                    |   7|   0|    7|          0|
    |tmp2_reg_1539                    |   7|   0|    7|          0|
    |tmp3_reg_1544                    |   7|   0|    7|          0|
    |tmp4_reg_1549                    |   7|   0|    7|          0|
    |tmp_207_reg_1470                 |  14|   0|   14|          0|
    |tmp_227_reg_1475                 |   1|   0|    1|          0|
    |tmp_V_reg_1509                   |   8|   0|    8|          0|
    |weights11_m_weights_11_reg_1529  |   5|   0|    5|          0|
    |weights11_m_weights_5_reg_1514   |   5|   0|    5|          0|
    |weights11_m_weights_7_reg_1519   |   5|   0|    5|          0|
    |weights11_m_weights_9_reg_1524   |   5|   0|    5|          0|
    |exitcond_flatten_reg_1448        |  64|  32|    1|          0|
    |nm_t_mid2_reg_1457               |  64|  32|    6|          0|
    |tmp_227_reg_1475                 |  64|  32|    1|          0|
    +---------------------------------+----+----+-----+-----------+
    |Total                            | 369|  96|  185|          0|
    +---------------------------------+----+----+-----+-----------+



================================================================
== Interface
================================================================
* Summary: 
+----------------+-----+-----+------------+------------------+--------------+
|    RTL Ports   | Dir | Bits|  Protocol  |   Source Object  |    C Type    |
+----------------+-----+-----+------------+------------------+--------------+
|ap_clk          |  in |    1| ap_ctrl_hs | Conv1DMac_new400 | return value |
|ap_rst          |  in |    1| ap_ctrl_hs | Conv1DMac_new400 | return value |
|ap_start        |  in |    1| ap_ctrl_hs | Conv1DMac_new400 | return value |
|start_full_n    |  in |    1| ap_ctrl_hs | Conv1DMac_new400 | return value |
|ap_done         | out |    1| ap_ctrl_hs | Conv1DMac_new400 | return value |
|ap_continue     |  in |    1| ap_ctrl_hs | Conv1DMac_new400 | return value |
|ap_idle         | out |    1| ap_ctrl_hs | Conv1DMac_new400 | return value |
|ap_ready        | out |    1| ap_ctrl_hs | Conv1DMac_new400 | return value |
|start_out       | out |    1| ap_ctrl_hs | Conv1DMac_new400 | return value |
|start_write     | out |    1| ap_ctrl_hs | Conv1DMac_new400 | return value |
|in_V_V_dout     |  in |    8|   ap_fifo  |      in_V_V      |    pointer   |
|in_V_V_empty_n  |  in |    1|   ap_fifo  |      in_V_V      |    pointer   |
|in_V_V_read     | out |    1|   ap_fifo  |      in_V_V      |    pointer   |
|out_V_V_din     | out |   32|   ap_fifo  |      out_V_V     |    pointer   |
|out_V_V_full_n  |  in |    1|   ap_fifo  |      out_V_V     |    pointer   |
|out_V_V_write   | out |    1|   ap_fifo  |      out_V_V     |    pointer   |
+----------------+-----+-----+------------+------------------+--------------+

