

================================================================
== Vivado HLS Report for 'Conv1DMac_new412'
================================================================
* Date:           Wed May 10 08:51:53 2023

* Version:        2018.2 (Build 2258646 on Thu Jun 14 20:25:20 MDT 2018)
* Project:        S3
* Solution:       solution1
* Product family: zynq
* Target device:  xc7z045ffg900-2


================================================================
== Performance Estimates
================================================================
+ Timing (ns): 
    * Summary: 
    +--------+-------+----------+------------+
    |  Clock | Target| Estimated| Uncertainty|
    +--------+-------+----------+------------+
    |ap_clk  |  10.00|     8.198|        1.25|
    +--------+-------+----------+------------+

+ Latency (clock cycles): 
    * Summary: 
    +----------+----------+----------+----------+---------+
    |       Latency       |       Interval      | Pipeline|
    |    min   |    max   |    min   |    max   |   Type  |
    +----------+----------+----------+----------+---------+
    |  16777221|  16777221|  16777221|  16777221|   none  |
    +----------+----------+----------+----------+---------+

    + Detail: 
        * Instance: 
        N/A

        * Loop: 
        +-----------------------------------------------------+----------+----------+----------+-----------+-----------+----------+----------+
        |                                                     |       Latency       | Iteration|  Initiation Interval  |   Trip   |          |
        |                      Loop Name                      |    min   |    max   |  Latency |  achieved |   target  |   Count  | Pipelined|
        +-----------------------------------------------------+----------+----------+----------+-----------+-----------+----------+----------+
        |- loop_ofmChannels_loop_neuronFold_loop_synapseFold  |  16777219|  16777219|         5|          1|          1|  16777216|    yes   |
        +-----------------------------------------------------+----------+----------+----------+-----------+-----------+----------+----------+



================================================================
== Utilization Estimates
================================================================
* Summary: 
+-----------------+---------+-------+--------+--------+
|       Name      | BRAM_18K| DSP48E|   FF   |   LUT  |
+-----------------+---------+-------+--------+--------+
|DSP              |        -|      -|       -|       -|
|Expression       |        -|      0|       0|     609|
|FIFO             |        -|      -|       -|       -|
|Instance         |        -|      -|       0|      68|
|Memory           |       24|      -|       0|       0|
|Multiplexer      |        -|      -|       -|     147|
|Register         |        0|      -|     381|      96|
+-----------------+---------+-------+--------+--------+
|Total            |       24|      0|     381|     920|
+-----------------+---------+-------+--------+--------+
|Available        |     1090|    900|  437200|  218600|
+-----------------+---------+-------+--------+--------+
|Utilization (%)  |        2|      0|   ~0   |   ~0   |
+-----------------+---------+-------+--------+--------+

+ Detail: 
    * Instance: 
    +---------------------------------+----------------------------+---------+-------+---+----+
    |             Instance            |           Module           | BRAM_18K| DSP48E| FF| LUT|
    +---------------------------------+----------------------------+---------+-------+---+----+
    |computeS3_mux_646yd2_x_x_x_U101  |computeS3_mux_646yd2_x_x_x  |        0|      0|  0|  17|
    |computeS3_mux_646yd2_x_x_x_U102  |computeS3_mux_646yd2_x_x_x  |        0|      0|  0|  17|
    |computeS3_mux_646yd2_x_x_x_U103  |computeS3_mux_646yd2_x_x_x  |        0|      0|  0|  17|
    |computeS3_mux_646yd2_x_x_x_U104  |computeS3_mux_646yd2_x_x_x  |        0|      0|  0|  17|
    +---------------------------------+----------------------------+---------+-------+---+----+
    |Total                            |                            |        0|      0|  0|  68|
    +---------------------------------+----------------------------+---------+-------+---+----+

    * DSP48: 
    N/A

    * Memory: 
    +-------------------------+----------------------+---------+---+----+-------+-----+------+-------------+
    |          Memory         |        Module        | BRAM_18K| FF| LUT| Words | Bits| Banks| W*Bits*Banks|
    +-------------------------+----------------------+---------+---+----+-------+-----+------+-------------+
    |weights14_m_weights_3_U  |Conv1DMac_new412_KfY  |        6|  0|   0|  16384|    6|     1|        98304|
    |weights14_m_weights_2_U  |Conv1DMac_new412_Lf8  |        6|  0|   0|  16384|    6|     1|        98304|
    |weights14_m_weights_1_U  |Conv1DMac_new412_Mgi  |        6|  0|   0|  16384|    6|     1|        98304|
    |weights14_m_weights_s_U  |Conv1DMac_new412_Ngs  |        6|  0|   0|  16384|    6|     1|        98304|
    +-------------------------+----------------------+---------+---+----+-------+-----+------+-------------+
    |Total                    |                      |       24|  0|   0|  65536|   24|     4|       393216|
    +-------------------------+----------------------+---------+---+----+-------+-----+------+-------------+

    * FIFO: 
    N/A

    * Expression: 
    +----------------------------------+----------+-------+---+----+------------+------------+
    |           Variable Name          | Operation| DSP48E| FF| LUT| Bitwidth P0| Bitwidth P1|
    +----------------------------------+----------+-------+---+----+------------+------------+
    |p_Val2_1_fu_518_p2                |     *    |      0|  0|  41|           6|           8|
    |p_Val2_2_fu_588_p2                |     *    |      0|  0|  41|           6|           8|
    |p_Val2_3_fu_658_p2                |     *    |      0|  0|  41|           6|           8|
    |p_Val2_s_187_fu_448_p2            |     *    |      0|  0|  41|           6|           8|
    |indvar_flatten_next8_fu_287_p2    |     +    |      0|  0|  32|           1|          25|
    |indvar_flatten_op_fu_419_p2       |     +    |      0|  0|  23|          16|           1|
    |macRegisters_0_V_fu_753_p2        |     +    |      0|  0|   8|           8|           8|
    |macRegisters_1_V_fu_776_p2        |     +    |      0|  0|   8|           8|           8|
    |macRegisters_2_V_fu_799_p2        |     +    |      0|  0|   8|           8|           8|
    |macRegisters_3_V_fu_822_p2        |     +    |      0|  0|   8|           8|           8|
    |nm_2_fu_341_p2                    |     +    |      0|  0|  15|           1|           7|
    |p_Val2_23_1_fu_1120_p2            |     +    |      0|  0|  15|           8|           8|
    |p_Val2_23_2_fu_1259_p2            |     +    |      0|  0|  15|           8|           8|
    |p_Val2_23_3_fu_1398_p2            |     +    |      0|  0|  15|           8|           8|
    |p_Val2_s_fu_981_p2                |     +    |      0|  0|  15|           8|           8|
    |sf_2_fu_413_p2                    |     +    |      0|  0|  16|           9|           1|
    |tmp1_fu_747_p2                    |     +    |      0|  0|   8|           8|           8|
    |tmp2_fu_770_p2                    |     +    |      0|  0|   8|           8|           8|
    |tmp3_fu_793_p2                    |     +    |      0|  0|   8|           8|           8|
    |tmp4_fu_816_p2                    |     +    |      0|  0|   8|           8|           8|
    |tmp_138_fu_401_p2                 |     +    |      0|  0|  21|          14|          14|
    |ap_block_state4_pp0_stage0_iter2  |    and   |      0|  0|   2|           1|           1|
    |ap_block_state6_pp0_stage0_iter4  |    and   |      0|  0|   2|           1|           1|
    |qb_assign_2_1_fu_762_p2           |    and   |      0|  0|   2|           1|           1|
    |qb_assign_2_2_fu_785_p2           |    and   |      0|  0|   2|           1|           1|
    |qb_assign_2_3_fu_808_p2           |    and   |      0|  0|   2|           1|           1|
    |qb_assign_2_fu_739_p2             |    and   |      0|  0|   2|           1|           1|
    |tmp_165_mid_fu_335_p2             |    and   |      0|  0|   2|           1|           1|
    |exitcond_flatten8_fu_281_p2       |   icmp   |      0|  0|  18|          25|          26|
    |exitcond_flatten_fu_293_p2        |   icmp   |      0|  0|  13|          16|          15|
    |tmp_144_fu_508_p2                 |   icmp   |      0|  0|  11|           6|           1|
    |tmp_158_fu_407_p2                 |   icmp   |      0|  0|  13|           9|           8|
    |tmp_279_1_fu_578_p2               |   icmp   |      0|  0|  11|           6|           1|
    |tmp_279_2_fu_648_p2               |   icmp   |      0|  0|  11|           6|           1|
    |tmp_279_3_fu_718_p2               |   icmp   |      0|  0|  11|           6|           1|
    |tmp_884_fu_329_p2                 |   icmp   |      0|  0|  13|           9|          10|
    |ap_block_pp0_stage0_01001         |    or    |      0|  0|   2|           1|           1|
    |ap_block_state1                   |    or    |      0|  0|   2|           1|           1|
    |tmp_141_fu_484_p2                 |    or    |      0|  0|   2|           1|           1|
    |tmp_147_fu_554_p2                 |    or    |      0|  0|   2|           1|           1|
    |tmp_151_fu_624_p2                 |    or    |      0|  0|   2|           1|           1|
    |tmp_155_fu_694_p2                 |    or    |      0|  0|   2|           1|           1|
    |tmp_857_fu_347_p2                 |    or    |      0|  0|   2|           1|           1|
    |indvar_flatten_next_fu_425_p3     |  select  |      0|  0|  16|           1|           1|
    |nm_mid2_fu_389_p3                 |  select  |      0|  0|   7|           1|           7|
    |nm_mid_fu_299_p3                  |  select  |      0|  0|   7|           1|           1|
    |nm_t_mid2_fu_381_p3               |  select  |      0|  0|   6|           1|           6|
    |nm_t_mid_fu_315_p3                |  select  |      0|  0|   6|           1|           1|
    |sf_mid2_fu_353_p3                 |  select  |      0|  0|   9|           1|           1|
    |tmp_164_mid2_fu_373_p3            |  select  |      0|  0|  14|           1|          14|
    |tmp_164_mid_fu_307_p3             |  select  |      0|  0|  14|           1|           1|
    |ap_enable_pp0                     |    xor   |      0|  0|   2|           1|           2|
    |ap_enable_reg_pp0_iter1           |    xor   |      0|  0|   2|           2|           1|
    |not_exitcond_flatten_fu_323_p2    |    xor   |      0|  0|   2|           1|           2|
    +----------------------------------+----------+-------+---+----+------------+------------+
    |Total                             |          |      0|  0| 609|         270|         290|
    +----------------------------------+----------+-------+---+----+------------+------------+

    * Multiplexer: 
    +---------------------------+----+-----------+-----+-----------+
    |            Name           | LUT| Input Size| Bits| Total Bits|
    +---------------------------+----+-----------+-----+-----------+
    |ap_NS_fsm                  |  21|          4|    1|          4|
    |ap_done                    |   9|          2|    1|          2|
    |ap_enable_reg_pp0_iter1    |   9|          2|    1|          2|
    |ap_enable_reg_pp0_iter4    |   9|          2|    1|          2|
    |in_V_V_blk_n               |   9|          2|    1|          2|
    |indvar_flatten8_reg_205    |   9|          2|   25|         50|
    |indvar_flatten_reg_216     |   9|          2|   16|         32|
    |macRegisters_0_V_4_fu_124  |   9|          2|    8|         16|
    |macRegisters_1_V_4_fu_128  |   9|          2|    8|         16|
    |macRegisters_2_V_4_fu_132  |   9|          2|    8|         16|
    |macRegisters_3_V_4_fu_136  |   9|          2|    8|         16|
    |nm_reg_227                 |   9|          2|    7|         14|
    |out_V_V_blk_n              |   9|          2|    1|          2|
    |real_start                 |   9|          2|    1|          2|
    |sf_reg_238                 |   9|          2|    9|         18|
    +---------------------------+----+-----------+-----+-----------+
    |Total                      | 147|         32|   96|        194|
    +---------------------------+----+-----------+-----+-----------+

    * Register: 
    +----------------------------+----+----+-----+-----------+
    |            Name            | FF | LUT| Bits| Const Bits|
    +----------------------------+----+----+-----+-----------+
    |ap_CS_fsm                   |   3|   0|    3|          0|
    |ap_done_reg                 |   1|   0|    1|          0|
    |ap_enable_reg_pp0_iter0     |   1|   0|    1|          0|
    |ap_enable_reg_pp0_iter1     |   1|   0|    1|          0|
    |ap_enable_reg_pp0_iter2     |   1|   0|    1|          0|
    |ap_enable_reg_pp0_iter3     |   1|   0|    1|          0|
    |ap_enable_reg_pp0_iter4     |   1|   0|    1|          0|
    |exitcond_flatten8_reg_1441  |   1|   0|    1|          0|
    |indvar_flatten8_reg_205     |  25|   0|   25|          0|
    |indvar_flatten_reg_216      |  16|   0|   16|          0|
    |macRegisters_0_V_4_fu_124   |   8|   0|    8|          0|
    |macRegisters_1_V_4_fu_128   |   8|   0|    8|          0|
    |macRegisters_2_V_4_fu_132   |   8|   0|    8|          0|
    |macRegisters_3_V_4_fu_136   |   8|   0|    8|          0|
    |nm_reg_227                  |   7|   0|    7|          0|
    |nm_t_mid2_reg_1450          |   6|   0|    6|          0|
    |p_Val2_23_1_reg_1567        |   8|   0|    8|          0|
    |p_Val2_23_2_reg_1572        |   8|   0|    8|          0|
    |p_Val2_23_3_reg_1577        |   8|   0|    8|          0|
    |p_Val2_s_reg_1562           |   8|   0|    8|          0|
    |sf_reg_238                  |   9|   0|    9|          0|
    |start_once_reg              |   1|   0|    1|          0|
    |tmp_113_reg_1502            |   7|   0|    7|          0|
    |tmp_116_reg_1517            |   7|   0|    7|          0|
    |tmp_119_reg_1532            |   7|   0|    7|          0|
    |tmp_122_reg_1547            |   7|   0|    7|          0|
    |tmp_138_reg_1463            |  14|   0|   14|          0|
    |tmp_144_reg_1512            |   1|   0|    1|          0|
    |tmp_158_reg_1468            |   1|   0|    1|          0|
    |tmp_279_1_reg_1527          |   1|   0|    1|          0|
    |tmp_279_2_reg_1542          |   1|   0|    1|          0|
    |tmp_279_3_reg_1557          |   1|   0|    1|          0|
    |tmp_954_reg_1507            |   1|   0|    1|          0|
    |tmp_957_reg_1522            |   1|   0|    1|          0|
    |tmp_960_reg_1537            |   1|   0|    1|          0|
    |tmp_963_reg_1552            |   1|   0|    1|          0|
    |exitcond_flatten8_reg_1441  |  64|  32|    1|          0|
    |nm_t_mid2_reg_1450          |  64|  32|    6|          0|
    |tmp_158_reg_1468            |  64|  32|    1|          0|
    +----------------------------+----+----+-----+-----------+
    |Total                       | 381|  96|  197|          0|
    +----------------------------+----+----+-----+-----------+



================================================================
== Interface
================================================================
* Summary: 
+----------------+-----+-----+------------+------------------+--------------+
|    RTL Ports   | Dir | Bits|  Protocol  |   Source Object  |    C Type    |
+----------------+-----+-----+------------+------------------+--------------+
|ap_clk          |  in |    1| ap_ctrl_hs | Conv1DMac_new412 | return value |
|ap_rst          |  in |    1| ap_ctrl_hs | Conv1DMac_new412 | return value |
|ap_start        |  in |    1| ap_ctrl_hs | Conv1DMac_new412 | return value |
|start_full_n    |  in |    1| ap_ctrl_hs | Conv1DMac_new412 | return value |
|ap_done         | out |    1| ap_ctrl_hs | Conv1DMac_new412 | return value |
|ap_continue     |  in |    1| ap_ctrl_hs | Conv1DMac_new412 | return value |
|ap_idle         | out |    1| ap_ctrl_hs | Conv1DMac_new412 | return value |
|ap_ready        | out |    1| ap_ctrl_hs | Conv1DMac_new412 | return value |
|start_out       | out |    1| ap_ctrl_hs | Conv1DMac_new412 | return value |
|start_write     | out |    1| ap_ctrl_hs | Conv1DMac_new412 | return value |
|in_V_V_dout     |  in |    8|   ap_fifo  |      in_V_V      |    pointer   |
|in_V_V_empty_n  |  in |    1|   ap_fifo  |      in_V_V      |    pointer   |
|in_V_V_read     | out |    1|   ap_fifo  |      in_V_V      |    pointer   |
|out_V_V_din     | out |   32|   ap_fifo  |      out_V_V     |    pointer   |
|out_V_V_full_n  |  in |    1|   ap_fifo  |      out_V_V     |    pointer   |
|out_V_V_write   | out |    1|   ap_fifo  |      out_V_V     |    pointer   |
+----------------+-----+-----+------------+------------------+--------------+

