

================================================================
== Vivado HLS Report for 'Conv1DMac_new_1'
================================================================
* Date:           Wed May 10 08:51:57 2023

* Version:        2018.2 (Build 2258646 on Thu Jun 14 20:25:20 MDT 2018)
* Project:        S3
* Solution:       solution1
* Product family: zynq
* Target device:  xc7z045ffg900-2


================================================================
== Performance Estimates
================================================================
+ Timing (ns): 
    * Summary: 
    +--------+-------+----------+------------+
    |  Clock | Target| Estimated| Uncertainty|
    +--------+-------+----------+------------+
    |ap_clk  |  10.00|     8.198|        1.25|
    +--------+-------+----------+------------+

+ Latency (clock cycles): 
    * Summary: 
    +----------+----------+----------+----------+---------+
    |       Latency       |       Interval      | Pipeline|
    |    min   |    max   |    min   |    max   |   Type  |
    +----------+----------+----------+----------+---------+
    |  16777221|  16777221|  16777221|  16777221|   none  |
    +----------+----------+----------+----------+---------+

    + Detail: 
        * Instance: 
        N/A

        * Loop: 
        +-----------------------------------------------------+----------+----------+----------+-----------+-----------+----------+----------+
        |                                                     |       Latency       | Iteration|  Initiation Interval  |   Trip   |          |
        |                      Loop Name                      |    min   |    max   |  Latency |  achieved |   target  |   Count  | Pipelined|
        +-----------------------------------------------------+----------+----------+----------+-----------+-----------+----------+----------+
        |- loop_ofmChannels_loop_neuronFold_loop_synapseFold  |  16777219|  16777219|         5|          1|          1|  16777216|    yes   |
        +-----------------------------------------------------+----------+----------+----------+-----------+-----------+----------+----------+



================================================================
== Utilization Estimates
================================================================
* Summary: 
+-----------------+---------+-------+--------+--------+
|       Name      | BRAM_18K| DSP48E|   FF   |   LUT  |
+-----------------+---------+-------+--------+--------+
|DSP              |        -|      -|       -|       -|
|Expression       |        -|      0|       0|     609|
|FIFO             |        -|      -|       -|       -|
|Instance         |        -|      -|       0|      68|
|Memory           |       25|      -|       0|       0|
|Multiplexer      |        -|      -|       -|     147|
|Register         |        0|      -|     382|      96|
+-----------------+---------+-------+--------+--------+
|Total            |       25|      0|     382|     920|
+-----------------+---------+-------+--------+--------+
|Available        |     1090|    900|  437200|  218600|
+-----------------+---------+-------+--------+--------+
|Utilization (%)  |        2|      0|   ~0   |   ~0   |
+-----------------+---------+-------+--------+--------+

+ Detail: 
    * Instance: 
    +-----------------------------------+------------------------------+---------+-------+---+----+
    |              Instance             |            Module            | BRAM_18K| DSP48E| FF| LUT|
    +-----------------------------------+------------------------------+---------+-------+---+----+
    |computeS3_mux_646yd2_x_x_x_x_U121  |computeS3_mux_646yd2_x_x_x_x  |        0|      0|  0|  17|
    |computeS3_mux_646yd2_x_x_x_x_U122  |computeS3_mux_646yd2_x_x_x_x  |        0|      0|  0|  17|
    |computeS3_mux_646yd2_x_x_x_x_U123  |computeS3_mux_646yd2_x_x_x_x  |        0|      0|  0|  17|
    |computeS3_mux_646yd2_x_x_x_x_U124  |computeS3_mux_646yd2_x_x_x_x  |        0|      0|  0|  17|
    +-----------------------------------+------------------------------+---------+-------+---+----+
    |Total                              |                              |        0|      0|  0|  68|
    +-----------------------------------+------------------------------+---------+-------+---+----+

    * DSP48: 
    N/A

    * Memory: 
    +-------------------------+----------------------+---------+---+----+-------+-----+------+-------------+
    |          Memory         |        Module        | BRAM_18K| FF| LUT| Words | Bits| Banks| W*Bits*Banks|
    +-------------------------+----------------------+---------+---+----+-------+-----+------+-------------+
    |weights15_m_weights_3_U  |Conv1DMac_new_1_wPgM  |        6|  0|   0|  16384|    6|     1|        98304|
    |weights15_m_weights_2_U  |Conv1DMac_new_1_wQgW  |        7|  0|   0|  16384|    7|     1|       114688|
    |weights15_m_weights_1_U  |Conv1DMac_new_1_wRg6  |        6|  0|   0|  16384|    6|     1|        98304|
    |weights15_m_weights_s_U  |Conv1DMac_new_1_wShg  |        6|  0|   0|  16384|    6|     1|        98304|
    +-------------------------+----------------------+---------+---+----+-------+-----+------+-------------+
    |Total                    |                      |       25|  0|   0|  65536|   25|     4|       409600|
    +-------------------------+----------------------+---------+---+----+-------+-----+------+-------------+

    * FIFO: 
    N/A

    * Expression: 
    +----------------------------------+----------+-------+---+----+------------+------------+
    |           Variable Name          | Operation| DSP48E| FF| LUT| Bitwidth P0| Bitwidth P1|
    +----------------------------------+----------+-------+---+----+------------+------------+
    |p_Val2_1_fu_586_p2                |     *    |      0|  0|  41|           7|           8|
    |p_Val2_2_fu_656_p2                |     *    |      0|  0|  41|           6|           8|
    |p_Val2_3_fu_726_p2                |     *    |      0|  0|  41|           6|           8|
    |p_Val2_s_190_fu_516_p2            |     *    |      0|  0|  41|           6|           8|
    |indvar_flatten_next1_fu_351_p2    |     +    |      0|  0|  32|           1|          25|
    |indvar_flatten_op_fu_483_p2       |     +    |      0|  0|  23|          16|           1|
    |macRegisters_0_V_fu_821_p2        |     +    |      0|  0|   8|           8|           8|
    |macRegisters_1_V_fu_841_p2        |     +    |      0|  0|   8|           8|           8|
    |macRegisters_2_V_fu_863_p2        |     +    |      0|  0|   8|           8|           8|
    |macRegisters_3_V_fu_886_p2        |     +    |      0|  0|   8|           8|           8|
    |nm_2_fu_405_p2                    |     +    |      0|  0|  15|           1|           7|
    |p_Val2_23_1_fu_1184_p2            |     +    |      0|  0|  15|           8|           8|
    |p_Val2_23_2_fu_1323_p2            |     +    |      0|  0|  15|           8|           8|
    |p_Val2_23_3_fu_1462_p2            |     +    |      0|  0|  15|           8|           8|
    |p_Val2_s_fu_1045_p2               |     +    |      0|  0|  15|           8|           8|
    |sf_2_fu_477_p2                    |     +    |      0|  0|  16|           9|           1|
    |tmp1_fu_815_p2                    |     +    |      0|  0|   8|           8|           8|
    |tmp2_fu_835_p2                    |     +    |      0|  0|   8|           8|           8|
    |tmp3_fu_857_p2                    |     +    |      0|  0|   8|           8|           8|
    |tmp4_fu_880_p2                    |     +    |      0|  0|   8|           8|           8|
    |tmp_230_fu_465_p2                 |     +    |      0|  0|  21|          14|          14|
    |ap_block_state4_pp0_stage0_iter2  |    and   |      0|  0|   2|           1|           1|
    |ap_block_state6_pp0_stage0_iter4  |    and   |      0|  0|   2|           1|           1|
    |qb_assign_2_1_fu_827_p2           |    and   |      0|  0|   2|           1|           1|
    |qb_assign_2_2_fu_849_p2           |    and   |      0|  0|   2|           1|           1|
    |qb_assign_2_3_fu_872_p2           |    and   |      0|  0|   2|           1|           1|
    |qb_assign_2_fu_807_p2             |    and   |      0|  0|   2|           1|           1|
    |tmp_261_mid_fu_399_p2             |    and   |      0|  0|   2|           1|           1|
    |exitcond_flatten3_fu_357_p2       |   icmp   |      0|  0|  13|          16|          15|
    |exitcond_flatten_fu_345_p2        |   icmp   |      0|  0|  18|          25|          26|
    |tmp_236_fu_576_p2                 |   icmp   |      0|  0|  11|           6|           1|
    |tmp_250_fu_471_p2                 |   icmp   |      0|  0|  13|           9|           8|
    |tmp_279_1_fu_646_p2               |   icmp   |      0|  0|  11|           6|           1|
    |tmp_279_2_fu_716_p2               |   icmp   |      0|  0|  11|           6|           1|
    |tmp_279_3_fu_786_p2               |   icmp   |      0|  0|  11|           6|           1|
    |tmp_888_fu_393_p2                 |   icmp   |      0|  0|  13|           9|          10|
    |ap_block_pp0_stage0_01001         |    or    |      0|  0|   2|           1|           1|
    |ap_block_state1                   |    or    |      0|  0|   2|           1|           1|
    |tmp_233_fu_552_p2                 |    or    |      0|  0|   2|           1|           1|
    |tmp_239_fu_622_p2                 |    or    |      0|  0|   2|           1|           1|
    |tmp_243_fu_692_p2                 |    or    |      0|  0|   2|           1|           1|
    |tmp_247_fu_762_p2                 |    or    |      0|  0|   2|           1|           1|
    |tmp_865_fu_411_p2                 |    or    |      0|  0|   2|           1|           1|
    |indvar_flatten_next_fu_489_p3     |  select  |      0|  0|  16|           1|           1|
    |nm_mid2_fu_453_p3                 |  select  |      0|  0|   7|           1|           7|
    |nm_mid_fu_363_p3                  |  select  |      0|  0|   7|           1|           1|
    |nm_t_mid2_fu_445_p3               |  select  |      0|  0|   6|           1|           6|
    |nm_t_mid_fu_379_p3                |  select  |      0|  0|   6|           1|           1|
    |sf_mid2_fu_417_p3                 |  select  |      0|  0|   9|           1|           1|
    |tmp_260_mid2_fu_437_p3            |  select  |      0|  0|  14|           1|          14|
    |tmp_260_mid_fu_371_p3             |  select  |      0|  0|  14|           1|           1|
    |ap_enable_pp0                     |    xor   |      0|  0|   2|           1|           2|
    |ap_enable_reg_pp0_iter1           |    xor   |      0|  0|   2|           2|           1|
    |not_exitcond_flatten_fu_387_p2    |    xor   |      0|  0|   2|           1|           2|
    +----------------------------------+----------+-------+---+----+------------+------------+
    |Total                             |          |      0|  0| 609|         271|         290|
    +----------------------------------+----------+-------+---+----+------------+------------+

    * Multiplexer: 
    +---------------------------+----+-----------+-----+-----------+
    |            Name           | LUT| Input Size| Bits| Total Bits|
    +---------------------------+----+-----------+-----+-----------+
    |ap_NS_fsm                  |  21|          4|    1|          4|
    |ap_done                    |   9|          2|    1|          2|
    |ap_enable_reg_pp0_iter1    |   9|          2|    1|          2|
    |ap_enable_reg_pp0_iter4    |   9|          2|    1|          2|
    |in_V_V_blk_n               |   9|          2|    1|          2|
    |indvar_flatten3_reg_269    |   9|          2|   25|         50|
    |indvar_flatten_reg_280     |   9|          2|   16|         32|
    |macRegisters_0_V_8_fu_188  |   9|          2|    8|         16|
    |macRegisters_1_V_8_fu_192  |   9|          2|    8|         16|
    |macRegisters_2_V_8_fu_196  |   9|          2|    8|         16|
    |macRegisters_3_V_8_fu_200  |   9|          2|    8|         16|
    |nm_reg_291                 |   9|          2|    7|         14|
    |out_V_V_blk_n              |   9|          2|    1|          2|
    |real_start                 |   9|          2|    1|          2|
    |sf_reg_302                 |   9|          2|    9|         18|
    +---------------------------+----+-----------+-----+-----------+
    |Total                      | 147|         32|   96|        194|
    +---------------------------+----+-----------+-----+-----------+

    * Register: 
    +---------------------------+----+----+-----+-----------+
    |            Name           | FF | LUT| Bits| Const Bits|
    +---------------------------+----+----+-----+-----------+
    |ap_CS_fsm                  |   3|   0|    3|          0|
    |ap_done_reg                |   1|   0|    1|          0|
    |ap_enable_reg_pp0_iter0    |   1|   0|    1|          0|
    |ap_enable_reg_pp0_iter1    |   1|   0|    1|          0|
    |ap_enable_reg_pp0_iter2    |   1|   0|    1|          0|
    |ap_enable_reg_pp0_iter3    |   1|   0|    1|          0|
    |ap_enable_reg_pp0_iter4    |   1|   0|    1|          0|
    |exitcond_flatten_reg_1505  |   1|   0|    1|          0|
    |indvar_flatten3_reg_269    |  25|   0|   25|          0|
    |indvar_flatten_reg_280     |  16|   0|   16|          0|
    |macRegisters_0_V_8_fu_188  |   8|   0|    8|          0|
    |macRegisters_1_V_8_fu_192  |   8|   0|    8|          0|
    |macRegisters_2_V_8_fu_196  |   8|   0|    8|          0|
    |macRegisters_3_V_8_fu_200  |   8|   0|    8|          0|
    |nm_reg_291                 |   7|   0|    7|          0|
    |nm_t_mid2_reg_1514         |   6|   0|    6|          0|
    |p_Val2_23_1_reg_1631       |   8|   0|    8|          0|
    |p_Val2_23_2_reg_1636       |   8|   0|    8|          0|
    |p_Val2_23_3_reg_1641       |   8|   0|    8|          0|
    |p_Val2_s_reg_1626          |   8|   0|    8|          0|
    |sf_reg_302                 |   9|   0|    9|          0|
    |start_once_reg             |   1|   0|    1|          0|
    |tmp_1010_reg_1571          |   1|   0|    1|          0|
    |tmp_1013_reg_1586          |   1|   0|    1|          0|
    |tmp_1016_reg_1601          |   1|   0|    1|          0|
    |tmp_1019_reg_1616          |   1|   0|    1|          0|
    |tmp_165_reg_1566           |   7|   0|    7|          0|
    |tmp_168_reg_1581           |   8|   0|    8|          0|
    |tmp_170_reg_1596           |   7|   0|    7|          0|
    |tmp_173_reg_1611           |   7|   0|    7|          0|
    |tmp_230_reg_1527           |  14|   0|   14|          0|
    |tmp_236_reg_1576           |   1|   0|    1|          0|
    |tmp_250_reg_1532           |   1|   0|    1|          0|
    |tmp_279_1_reg_1591         |   1|   0|    1|          0|
    |tmp_279_2_reg_1606         |   1|   0|    1|          0|
    |tmp_279_3_reg_1621         |   1|   0|    1|          0|
    |exitcond_flatten_reg_1505  |  64|  32|    1|          0|
    |nm_t_mid2_reg_1514         |  64|  32|    6|          0|
    |tmp_250_reg_1532           |  64|  32|    1|          0|
    +---------------------------+----+----+-----+-----------+
    |Total                      | 382|  96|  198|          0|
    +---------------------------+----+----+-----+-----------+



================================================================
== Interface
================================================================
* Summary: 
+----------------+-----+-----+------------+-----------------+--------------+
|    RTL Ports   | Dir | Bits|  Protocol  |  Source Object  |    C Type    |
+----------------+-----+-----+------------+-----------------+--------------+
|ap_clk          |  in |    1| ap_ctrl_hs | Conv1DMac_new.1 | return value |
|ap_rst          |  in |    1| ap_ctrl_hs | Conv1DMac_new.1 | return value |
|ap_start        |  in |    1| ap_ctrl_hs | Conv1DMac_new.1 | return value |
|start_full_n    |  in |    1| ap_ctrl_hs | Conv1DMac_new.1 | return value |
|ap_done         | out |    1| ap_ctrl_hs | Conv1DMac_new.1 | return value |
|ap_continue     |  in |    1| ap_ctrl_hs | Conv1DMac_new.1 | return value |
|ap_idle         | out |    1| ap_ctrl_hs | Conv1DMac_new.1 | return value |
|ap_ready        | out |    1| ap_ctrl_hs | Conv1DMac_new.1 | return value |
|start_out       | out |    1| ap_ctrl_hs | Conv1DMac_new.1 | return value |
|start_write     | out |    1| ap_ctrl_hs | Conv1DMac_new.1 | return value |
|in_V_V_dout     |  in |    8|   ap_fifo  |      in_V_V     |    pointer   |
|in_V_V_empty_n  |  in |    1|   ap_fifo  |      in_V_V     |    pointer   |
|in_V_V_read     | out |    1|   ap_fifo  |      in_V_V     |    pointer   |
|out_V_V_din     | out |   32|   ap_fifo  |     out_V_V     |    pointer   |
|out_V_V_full_n  |  in |    1|   ap_fifo  |     out_V_V     |    pointer   |
|out_V_V_write   | out |    1|   ap_fifo  |     out_V_V     |    pointer   |
+----------------+-----+-----+------------+-----------------+--------------+

