

================================================================
== Vivado HLS Report for 'Conv1DMac_new'
================================================================
* Date:           Tue May  9 01:01:58 2023

* Version:        2018.3 (Build 2405991 on Thu Dec 06 23:56:15 MST 2018)
* Project:        3_3_3
* Solution:       solution1
* Product family: zynq
* Target device:  xc7z045ffg900-2


================================================================
== Performance Estimates
================================================================
+ Timing (ns): 
    * Summary: 
    +--------+-------+----------+------------+
    |  Clock | Target| Estimated| Uncertainty|
    +--------+-------+----------+------------+
    |ap_clk  |  10.00|     8.255|        1.25|
    +--------+-------+----------+------------+

+ Latency (clock cycles): 
    * Summary: 
    +---------+---------+---------+---------+---------+
    |      Latency      |      Interval     | Pipeline|
    |   min   |   max   |   min   |   max   |   Type  |
    +---------+---------+---------+---------+---------+
    |  4194308|  4194308|  4194308|  4194308|   none  |
    +---------+---------+---------+---------+---------+

    + Detail: 
        * Instance: 
        N/A

        * Loop: 
        +-----------------------------------------------------+---------+---------+----------+-----------+-----------+---------+----------+
        |                                                     |      Latency      | Iteration|  Initiation Interval  |   Trip  |          |
        |                      Loop Name                      |   min   |   max   |  Latency |  achieved |   target  |  Count  | Pipelined|
        +-----------------------------------------------------+---------+---------+----------+-----------+-----------+---------+----------+
        |- loop_ofmChannels_loop_neuronFold_loop_synapseFold  |  4194306|  4194306|         4|          1|          1|  4194304|    yes   |
        +-----------------------------------------------------+---------+---------+----------+-----------+-----------+---------+----------+



================================================================
== Utilization Estimates
================================================================
* Summary: 
+-----------------+---------+-------+--------+--------+
|       Name      | BRAM_18K| DSP48E|   FF   |   LUT  |
+-----------------+---------+-------+--------+--------+
|DSP              |        -|      -|       -|       -|
|Expression       |        -|      0|       0|     429|
|FIFO             |        -|      -|       -|       -|
|Instance         |        -|      -|       0|     260|
|Memory           |        4|      -|       0|       0|
|Multiplexer      |        -|      -|       -|      45|
|Register         |        0|      -|     340|      96|
+-----------------+---------+-------+--------+--------+
|Total            |        4|      0|     340|     830|
+-----------------+---------+-------+--------+--------+
|Available        |     1090|    900|  437200|  218600|
+-----------------+---------+-------+--------+--------+
|Utilization (%)  |    ~0   |      0|   ~0   |   ~0   |
+-----------------+---------+-------+--------+--------+

+ Detail: 
    * Instance: 
    +------------------------------+--------------------------+---------+-------+---+----+
    |           Instance           |          Module          | BRAM_18K| DSP48E| FF| LUT|
    +------------------------------+--------------------------+---------+-------+---+----+
    |computeS1_mux_164DeQ_x_x_U81  |computeS1_mux_164DeQ_x_x  |        0|      0|  0|  65|
    |computeS1_mux_164DeQ_x_x_U82  |computeS1_mux_164DeQ_x_x  |        0|      0|  0|  65|
    |computeS1_mux_164DeQ_x_x_U83  |computeS1_mux_164DeQ_x_x  |        0|      0|  0|  65|
    |computeS1_mux_164DeQ_x_x_U84  |computeS1_mux_164DeQ_x_x  |        0|      0|  0|  65|
    +------------------------------+--------------------------+---------+-------+---+----+
    |Total                         |                          |        0|      0|  0| 260|
    +------------------------------+--------------------------+---------+-------+---+----+

    * DSP48: 
    N/A

    * Memory: 
    +--------------------------+----------------------+---------+---+----+------+-----+------+-------------+
    |          Memory          |        Module        | BRAM_18K| FF| LUT| Words| Bits| Banks| W*Bits*Banks|
    +--------------------------+----------------------+---------+---+----+------+-----+------+-------------+
    |weights3_m_weights_V_U    |Conv1DMac_new_weiKfY  |        1|  0|   0|  1024|    8|     1|         8192|
    |weights3_m_weights_V_1_U  |Conv1DMac_new_weiLf8  |        1|  0|   0|  1024|    8|     1|         8192|
    |weights3_m_weights_V_2_U  |Conv1DMac_new_weiMgi  |        1|  0|   0|  1024|    8|     1|         8192|
    |weights3_m_weights_V_3_U  |Conv1DMac_new_weiNgs  |        1|  0|   0|  1024|    8|     1|         8192|
    +--------------------------+----------------------+---------+---+----+------+-----+------+-------------+
    |Total                     |                      |        4|  0|   0|  4096|   32|     4|        32768|
    +--------------------------+----------------------+---------+---+----+------+-----+------+-------------+

    * FIFO: 
    N/A

    * Expression: 
    +----------------------------------+----------+-------+---+----+------------+------------+
    |           Variable Name          | Operation| DSP48E| FF| LUT| Bitwidth P0| Bitwidth P1|
    +----------------------------------+----------+-------+---+----+------------+------------+
    |tmp_140_1_fu_577_p2               |     *    |      0|  0|  41|           8|           8|
    |tmp_140_2_fu_635_p2               |     *    |      0|  0|  41|           8|           8|
    |tmp_140_3_fu_693_p2               |     *    |      0|  0|  41|           8|           8|
    |tmp_81_fu_519_p2                  |     *    |      0|  0|  41|           8|           8|
    |indvar_flatten_next8_fu_359_p2    |     +    |      0|  0|  23|           1|          23|
    |indvar_flatten_op_fu_491_p2       |     +    |      0|  0|  12|          12|           1|
    |macRegisters_0_V_fu_767_p2        |     +    |      0|  0|   8|           8|           8|
    |macRegisters_1_V_fu_781_p2        |     +    |      0|  0|   8|           8|           8|
    |macRegisters_2_V_fu_795_p2        |     +    |      0|  0|   8|           8|           8|
    |macRegisters_3_V_fu_809_p2        |     +    |      0|  0|   8|           8|           8|
    |nm_1_fu_413_p2                    |     +    |      0|  0|   7|           1|           5|
    |result_V_1_fu_915_p2              |     +    |      0|  0|   8|           8|           8|
    |result_V_2_fu_958_p2              |     +    |      0|  0|   8|           8|           8|
    |result_V_3_fu_1001_p2             |     +    |      0|  0|   8|           8|           8|
    |result_V_fu_872_p2                |     +    |      0|  0|   8|           8|           8|
    |sf_1_fu_485_p2                    |     +    |      0|  0|   7|           7|           1|
    |tmp1_fu_762_p2                    |     +    |      0|  0|   8|           8|           8|
    |tmp2_fu_776_p2                    |     +    |      0|  0|   8|           8|           8|
    |tmp3_fu_790_p2                    |     +    |      0|  0|   8|           8|           8|
    |tmp4_fu_804_p2                    |     +    |      0|  0|   8|           8|           8|
    |tmp_78_fu_473_p2                  |     +    |      0|  0|  10|          10|          10|
    |ap_block_state3_pp0_stage0_iter1  |    and   |      0|  0|   1|           1|           1|
    |ap_block_state5_pp0_stage0_iter3  |    and   |      0|  0|   1|           1|           1|
    |tmp_147_1_fu_625_p2               |    and   |      0|  0|   1|           1|           1|
    |tmp_147_2_fu_683_p2               |    and   |      0|  0|   1|           1|           1|
    |tmp_147_3_fu_741_p2               |    and   |      0|  0|   1|           1|           1|
    |tmp_76_mid_fu_407_p2              |    and   |      0|  0|   1|           1|           1|
    |tmp_86_fu_567_p2                  |    and   |      0|  0|   1|           1|           1|
    |exitcond_flatten8_fu_353_p2       |   icmp   |      0|  0|   9|          23|          24|
    |exitcond_flatten_fu_365_p2        |   icmp   |      0|  0|   5|          12|          11|
    |p_1_fu_605_p2                     |   icmp   |      0|  0|   3|           6|           1|
    |p_2_fu_663_p2                     |   icmp   |      0|  0|   3|           6|           1|
    |p_3_fu_721_p2                     |   icmp   |      0|  0|   3|           6|           1|
    |p_s_fu_547_p2                     |   icmp   |      0|  0|   3|           6|           1|
    |tmp_363_fu_401_p2                 |   icmp   |      0|  0|   4|           7|           8|
    |tmp_87_fu_479_p2                  |   icmp   |      0|  0|   3|           7|           6|
    |ap_block_pp0_stage0_01001         |    or    |      0|  0|   1|           1|           1|
    |ap_block_state1                   |    or    |      0|  0|   1|           1|           1|
    |tmp_143_1_fu_611_p2               |    or    |      0|  0|   1|           1|           1|
    |tmp_143_2_fu_669_p2               |    or    |      0|  0|   1|           1|           1|
    |tmp_143_3_fu_727_p2               |    or    |      0|  0|   1|           1|           1|
    |tmp_364_fu_419_p2                 |    or    |      0|  0|   1|           1|           1|
    |tmp_84_fu_553_p2                  |    or    |      0|  0|   1|           1|           1|
    |indvar_flatten_next_fu_497_p3     |  select  |      0|  0|  12|           1|           1|
    |nm_mid2_fu_461_p3                 |  select  |      0|  0|   5|           1|           5|
    |nm_mid_fu_371_p3                  |  select  |      0|  0|   5|           1|           1|
    |nm_t_mid2_fu_453_p3               |  select  |      0|  0|   4|           1|           4|
    |nm_t_mid_fu_387_p3                |  select  |      0|  0|   4|           1|           1|
    |sf_mid2_fu_425_p3                 |  select  |      0|  0|   7|           1|           1|
    |tmp_75_mid2_fu_445_p3             |  select  |      0|  0|  10|           1|          10|
    |tmp_75_mid_fu_379_p3              |  select  |      0|  0|  10|           1|           1|
    |ap_enable_pp0                     |    xor   |      0|  0|   2|           1|           2|
    |ap_enable_reg_pp0_iter1           |    xor   |      0|  0|   2|           2|           1|
    |not_exitcond_flatten_fu_395_p2    |    xor   |      0|  0|   2|           1|           2|
    +----------------------------------+----------+-------+---+----+------------+------------+
    |Total                             |          |      0|  0| 429|         258|         264|
    +----------------------------------+----------+-------+---+----+------------+------------+

    * Multiplexer: 
    +---------------------------+----+-----------+-----+-----------+
    |            Name           | LUT| Input Size| Bits| Total Bits|
    +---------------------------+----+-----------+-----+-----------+
    |ap_NS_fsm                  |   3|          4|    1|          4|
    |ap_done                    |   3|          2|    1|          2|
    |ap_enable_reg_pp0_iter1    |   3|          2|    1|          2|
    |ap_enable_reg_pp0_iter3    |   3|          2|    1|          2|
    |in_V_V_blk_n               |   3|          2|    1|          2|
    |indvar_flatten8_reg_277    |   3|          2|   23|         46|
    |indvar_flatten_reg_288     |   3|          2|   12|         24|
    |macRegisters_0_V_6_fu_196  |   3|          2|    8|         16|
    |macRegisters_1_V_6_fu_200  |   3|          2|    8|         16|
    |macRegisters_2_V_6_fu_204  |   3|          2|    8|         16|
    |macRegisters_3_V_6_fu_208  |   3|          2|    8|         16|
    |nm_reg_299                 |   3|          2|    5|         10|
    |out_V_V_blk_n              |   3|          2|    1|          2|
    |real_start                 |   3|          2|    1|          2|
    |sf_reg_310                 |   3|          2|    7|         14|
    +---------------------------+----+-----------+-----+-----------+
    |Total                      |  45|         32|   86|        174|
    +---------------------------+----+-----------+-----+-----------+

    * Register: 
    +----------------------------+----+----+-----+-----------+
    |            Name            | FF | LUT| Bits| Const Bits|
    +----------------------------+----+----+-----+-----------+
    |ap_CS_fsm                   |   3|   0|    3|          0|
    |ap_done_reg                 |   1|   0|    1|          0|
    |ap_enable_reg_pp0_iter0     |   1|   0|    1|          0|
    |ap_enable_reg_pp0_iter1     |   1|   0|    1|          0|
    |ap_enable_reg_pp0_iter2     |   1|   0|    1|          0|
    |ap_enable_reg_pp0_iter3     |   1|   0|    1|          0|
    |exitcond_flatten8_reg_1048  |   1|   0|    1|          0|
    |indvar_flatten8_reg_277     |  23|   0|   23|          0|
    |indvar_flatten_reg_288      |  12|   0|   12|          0|
    |macRegisters_0_V_6_fu_196   |   8|   0|    8|          0|
    |macRegisters_1_V_6_fu_200   |   8|   0|    8|          0|
    |macRegisters_2_V_6_fu_204   |   8|   0|    8|          0|
    |macRegisters_3_V_6_fu_208   |   8|   0|    8|          0|
    |nm_reg_299                  |   5|   0|    5|          0|
    |nm_t_mid2_reg_1057          |   4|   0|    4|          0|
    |sf_reg_310                  |   7|   0|    7|          0|
    |start_once_reg              |   1|   0|    1|          0|
    |tmp_142_1_reg_1124          |   8|   0|    8|          0|
    |tmp_142_2_reg_1134          |   8|   0|    8|          0|
    |tmp_142_3_reg_1144          |   8|   0|    8|          0|
    |tmp_147_1_reg_1129          |   1|   0|    1|          0|
    |tmp_147_2_reg_1139          |   1|   0|    1|          0|
    |tmp_147_3_reg_1149          |   1|   0|    1|          0|
    |tmp_78_reg_1070             |  10|   0|   10|          0|
    |tmp_83_reg_1114             |   8|   0|    8|          0|
    |tmp_86_reg_1119             |   1|   0|    1|          0|
    |tmp_87_reg_1075             |   1|   0|    1|          0|
    |tmp_V_53_reg_1089           |   8|   0|    8|          0|
    |exitcond_flatten8_reg_1048  |  64|  32|    1|          0|
    |nm_t_mid2_reg_1057          |  64|  32|    4|          0|
    |tmp_87_reg_1075             |  64|  32|    1|          0|
    +----------------------------+----+----+-----+-----------+
    |Total                       | 340|  96|  154|          0|
    +----------------------------+----+----+-----+-----------+



================================================================
== Interface
================================================================
* Summary: 
+----------------+-----+-----+------------+---------------+--------------+
|    RTL Ports   | Dir | Bits|  Protocol  | Source Object |    C Type    |
+----------------+-----+-----+------------+---------------+--------------+
|ap_clk          |  in |    1| ap_ctrl_hs | Conv1DMac_new | return value |
|ap_rst          |  in |    1| ap_ctrl_hs | Conv1DMac_new | return value |
|ap_start        |  in |    1| ap_ctrl_hs | Conv1DMac_new | return value |
|start_full_n    |  in |    1| ap_ctrl_hs | Conv1DMac_new | return value |
|ap_done         | out |    1| ap_ctrl_hs | Conv1DMac_new | return value |
|ap_continue     |  in |    1| ap_ctrl_hs | Conv1DMac_new | return value |
|ap_idle         | out |    1| ap_ctrl_hs | Conv1DMac_new | return value |
|ap_ready        | out |    1| ap_ctrl_hs | Conv1DMac_new | return value |
|start_out       | out |    1| ap_ctrl_hs | Conv1DMac_new | return value |
|start_write     | out |    1| ap_ctrl_hs | Conv1DMac_new | return value |
|in_V_V_dout     |  in |    8|   ap_fifo  |     in_V_V    |    pointer   |
|in_V_V_empty_n  |  in |    1|   ap_fifo  |     in_V_V    |    pointer   |
|in_V_V_read     | out |    1|   ap_fifo  |     in_V_V    |    pointer   |
|out_V_V_din     | out |   32|   ap_fifo  |    out_V_V    |    pointer   |
|out_V_V_full_n  |  in |    1|   ap_fifo  |    out_V_V    |    pointer   |
|out_V_V_write   | out |    1|   ap_fifo  |    out_V_V    |    pointer   |
+----------------+-----+-----+------------+---------------+--------------+

