

================================================================
== Vivado HLS Report for 'Conv1DMac_new323'
================================================================
* Date:           Tue May  9 01:01:53 2023

* Version:        2018.3 (Build 2405991 on Thu Dec 06 23:56:15 MST 2018)
* Project:        3_3_3
* Solution:       solution1
* Product family: zynq
* Target device:  xc7z045ffg900-2


================================================================
== Performance Estimates
================================================================
+ Timing (ns): 
    * Summary: 
    +--------+-------+----------+------------+
    |  Clock | Target| Estimated| Uncertainty|
    +--------+-------+----------+------------+
    |ap_clk  |  10.00|     8.255|        1.25|
    +--------+-------+----------+------------+

+ Latency (clock cycles): 
    * Summary: 
    +---------+---------+---------+---------+---------+
    |      Latency      |      Interval     | Pipeline|
    |   min   |   max   |   min   |   max   |   Type  |
    +---------+---------+---------+---------+---------+
    |  4194308|  4194308|  4194308|  4194308|   none  |
    +---------+---------+---------+---------+---------+

    + Detail: 
        * Instance: 
        N/A

        * Loop: 
        +-----------------------------------------------------+---------+---------+----------+-----------+-----------+---------+----------+
        |                                                     |      Latency      | Iteration|  Initiation Interval  |   Trip  |          |
        |                      Loop Name                      |   min   |   max   |  Latency |  achieved |   target  |  Count  | Pipelined|
        +-----------------------------------------------------+---------+---------+----------+-----------+-----------+---------+----------+
        |- loop_ofmChannels_loop_neuronFold_loop_synapseFold  |  4194306|  4194306|         4|          1|          1|  4194304|    yes   |
        +-----------------------------------------------------+---------+---------+----------+-----------+-----------+---------+----------+



================================================================
== Utilization Estimates
================================================================
* Summary: 
+-----------------+---------+-------+--------+--------+
|       Name      | BRAM_18K| DSP48E|   FF   |   LUT  |
+-----------------+---------+-------+--------+--------+
|DSP              |        -|      -|       -|       -|
|Expression       |        -|      0|       0|     429|
|FIFO             |        -|      -|       -|       -|
|Instance         |        -|      -|       0|     260|
|Memory           |        4|      -|       0|       0|
|Multiplexer      |        -|      -|       -|      45|
|Register         |        0|      -|     340|      96|
+-----------------+---------+-------+--------+--------+
|Total            |        4|      0|     340|     830|
+-----------------+---------+-------+--------+--------+
|Available        |     1090|    900|  437200|  218600|
+-----------------+---------+-------+--------+--------+
|Utilization (%)  |    ~0   |      0|   ~0   |   ~0   |
+-----------------+---------+-------+--------+--------+

+ Detail: 
    * Instance: 
    +----------------------------+------------------------+---------+-------+---+----+
    |          Instance          |         Module         | BRAM_18K| DSP48E| FF| LUT|
    +----------------------------+------------------------+---------+-------+---+----+
    |computeS1_mux_164DeQ_x_U61  |computeS1_mux_164DeQ_x  |        0|      0|  0|  65|
    |computeS1_mux_164DeQ_x_U62  |computeS1_mux_164DeQ_x  |        0|      0|  0|  65|
    |computeS1_mux_164DeQ_x_U63  |computeS1_mux_164DeQ_x  |        0|      0|  0|  65|
    |computeS1_mux_164DeQ_x_U64  |computeS1_mux_164DeQ_x  |        0|      0|  0|  65|
    +----------------------------+------------------------+---------+-------+---+----+
    |Total                       |                        |        0|      0|  0| 260|
    +----------------------------+------------------------+---------+-------+---+----+

    * DSP48: 
    N/A

    * Memory: 
    +--------------------------+----------------------+---------+---+----+------+-----+------+-------------+
    |          Memory          |        Module        | BRAM_18K| FF| LUT| Words| Bits| Banks| W*Bits*Banks|
    +--------------------------+----------------------+---------+---+----+------+-----+------+-------------+
    |weights2_m_weights_V_U    |Conv1DMac_new323_Ffa  |        1|  0|   0|  1024|    8|     1|         8192|
    |weights2_m_weights_V_1_U  |Conv1DMac_new323_Gfk  |        1|  0|   0|  1024|    8|     1|         8192|
    |weights2_m_weights_V_2_U  |Conv1DMac_new323_Hfu  |        1|  0|   0|  1024|    8|     1|         8192|
    |weights2_m_weights_V_3_U  |Conv1DMac_new323_IfE  |        1|  0|   0|  1024|    8|     1|         8192|
    +--------------------------+----------------------+---------+---+----+------+-----+------+-------------+
    |Total                     |                      |        4|  0|   0|  4096|   32|     4|        32768|
    +--------------------------+----------------------+---------+---+----+------+-----+------+-------------+

    * FIFO: 
    N/A

    * Expression: 
    +----------------------------------+----------+-------+---+----+------------+------------+
    |           Variable Name          | Operation| DSP48E| FF| LUT| Bitwidth P0| Bitwidth P1|
    +----------------------------------+----------+-------+---+----+------------+------------+
    |tmp_140_1_fu_575_p2               |     *    |      0|  0|  41|           8|           8|
    |tmp_140_2_fu_633_p2               |     *    |      0|  0|  41|           8|           8|
    |tmp_140_3_fu_691_p2               |     *    |      0|  0|  41|           8|           8|
    |tmp_51_fu_517_p2                  |     *    |      0|  0|  41|           8|           8|
    |indvar_flatten_next4_fu_357_p2    |     +    |      0|  0|  23|           1|          23|
    |indvar_flatten_op_fu_489_p2       |     +    |      0|  0|  12|          12|           1|
    |macRegisters_0_V_fu_765_p2        |     +    |      0|  0|   8|           8|           8|
    |macRegisters_1_V_fu_779_p2        |     +    |      0|  0|   8|           8|           8|
    |macRegisters_2_V_fu_793_p2        |     +    |      0|  0|   8|           8|           8|
    |macRegisters_3_V_fu_807_p2        |     +    |      0|  0|   8|           8|           8|
    |nm_1_fu_411_p2                    |     +    |      0|  0|   7|           1|           5|
    |result_V_1_fu_913_p2              |     +    |      0|  0|   8|           8|           8|
    |result_V_2_fu_956_p2              |     +    |      0|  0|   8|           8|           8|
    |result_V_3_fu_999_p2              |     +    |      0|  0|   8|           8|           8|
    |result_V_fu_870_p2                |     +    |      0|  0|   8|           8|           8|
    |sf_1_fu_483_p2                    |     +    |      0|  0|   7|           7|           1|
    |tmp1_fu_760_p2                    |     +    |      0|  0|   8|           8|           8|
    |tmp2_fu_774_p2                    |     +    |      0|  0|   8|           8|           8|
    |tmp3_fu_788_p2                    |     +    |      0|  0|   8|           8|           8|
    |tmp4_fu_802_p2                    |     +    |      0|  0|   8|           8|           8|
    |tmp_48_fu_471_p2                  |     +    |      0|  0|  10|          10|          10|
    |ap_block_state3_pp0_stage0_iter1  |    and   |      0|  0|   1|           1|           1|
    |ap_block_state5_pp0_stage0_iter3  |    and   |      0|  0|   1|           1|           1|
    |tmp_147_1_fu_623_p2               |    and   |      0|  0|   1|           1|           1|
    |tmp_147_2_fu_681_p2               |    and   |      0|  0|   1|           1|           1|
    |tmp_147_3_fu_739_p2               |    and   |      0|  0|   1|           1|           1|
    |tmp_46_mid_fu_405_p2              |    and   |      0|  0|   1|           1|           1|
    |tmp_54_fu_565_p2                  |    and   |      0|  0|   1|           1|           1|
    |exitcond_flatten4_fu_351_p2       |   icmp   |      0|  0|   9|          23|          24|
    |exitcond_flatten_fu_363_p2        |   icmp   |      0|  0|   5|          12|          11|
    |p_1_fu_603_p2                     |   icmp   |      0|  0|   3|           6|           1|
    |p_2_fu_661_p2                     |   icmp   |      0|  0|   3|           6|           1|
    |p_3_fu_719_p2                     |   icmp   |      0|  0|   3|           6|           1|
    |p_s_fu_545_p2                     |   icmp   |      0|  0|   3|           6|           1|
    |tmp_355_fu_399_p2                 |   icmp   |      0|  0|   4|           7|           8|
    |tmp_55_fu_477_p2                  |   icmp   |      0|  0|   3|           7|           6|
    |ap_block_pp0_stage0_01001         |    or    |      0|  0|   1|           1|           1|
    |ap_block_state1                   |    or    |      0|  0|   1|           1|           1|
    |tmp_143_1_fu_609_p2               |    or    |      0|  0|   1|           1|           1|
    |tmp_143_2_fu_667_p2               |    or    |      0|  0|   1|           1|           1|
    |tmp_143_3_fu_725_p2               |    or    |      0|  0|   1|           1|           1|
    |tmp_356_fu_417_p2                 |    or    |      0|  0|   1|           1|           1|
    |tmp_s_fu_551_p2                   |    or    |      0|  0|   1|           1|           1|
    |indvar_flatten_next_fu_495_p3     |  select  |      0|  0|  12|           1|           1|
    |nm_mid2_fu_459_p3                 |  select  |      0|  0|   5|           1|           5|
    |nm_mid_fu_369_p3                  |  select  |      0|  0|   5|           1|           1|
    |nm_t_mid2_fu_451_p3               |  select  |      0|  0|   4|           1|           4|
    |nm_t_mid_fu_385_p3                |  select  |      0|  0|   4|           1|           1|
    |sf_mid2_fu_423_p3                 |  select  |      0|  0|   7|           1|           1|
    |tmp_45_mid2_fu_443_p3             |  select  |      0|  0|  10|           1|          10|
    |tmp_45_mid_fu_377_p3              |  select  |      0|  0|  10|           1|           1|
    |ap_enable_pp0                     |    xor   |      0|  0|   2|           1|           2|
    |ap_enable_reg_pp0_iter1           |    xor   |      0|  0|   2|           2|           1|
    |not_exitcond_flatten_fu_393_p2    |    xor   |      0|  0|   2|           1|           2|
    +----------------------------------+----------+-------+---+----+------------+------------+
    |Total                             |          |      0|  0| 429|         258|         264|
    +----------------------------------+----------+-------+---+----+------------+------------+

    * Multiplexer: 
    +---------------------------+----+-----------+-----+-----------+
    |            Name           | LUT| Input Size| Bits| Total Bits|
    +---------------------------+----+-----------+-----+-----------+
    |ap_NS_fsm                  |   3|          4|    1|          4|
    |ap_done                    |   3|          2|    1|          2|
    |ap_enable_reg_pp0_iter1    |   3|          2|    1|          2|
    |ap_enable_reg_pp0_iter3    |   3|          2|    1|          2|
    |in_V_V_blk_n               |   3|          2|    1|          2|
    |indvar_flatten4_reg_275    |   3|          2|   23|         46|
    |indvar_flatten_reg_286     |   3|          2|   12|         24|
    |macRegisters_0_V_2_fu_194  |   3|          2|    8|         16|
    |macRegisters_1_V_2_fu_198  |   3|          2|    8|         16|
    |macRegisters_2_V_2_fu_202  |   3|          2|    8|         16|
    |macRegisters_3_V_2_fu_206  |   3|          2|    8|         16|
    |nm_reg_297                 |   3|          2|    5|         10|
    |out_V_V_blk_n              |   3|          2|    1|          2|
    |real_start                 |   3|          2|    1|          2|
    |sf_reg_308                 |   3|          2|    7|         14|
    +---------------------------+----+-----------+-----+-----------+
    |Total                      |  45|         32|   86|        174|
    +---------------------------+----+-----------+-----+-----------+

    * Register: 
    +----------------------------+----+----+-----+-----------+
    |            Name            | FF | LUT| Bits| Const Bits|
    +----------------------------+----+----+-----+-----------+
    |ap_CS_fsm                   |   3|   0|    3|          0|
    |ap_done_reg                 |   1|   0|    1|          0|
    |ap_enable_reg_pp0_iter0     |   1|   0|    1|          0|
    |ap_enable_reg_pp0_iter1     |   1|   0|    1|          0|
    |ap_enable_reg_pp0_iter2     |   1|   0|    1|          0|
    |ap_enable_reg_pp0_iter3     |   1|   0|    1|          0|
    |exitcond_flatten4_reg_1046  |   1|   0|    1|          0|
    |indvar_flatten4_reg_275     |  23|   0|   23|          0|
    |indvar_flatten_reg_286      |  12|   0|   12|          0|
    |macRegisters_0_V_2_fu_194   |   8|   0|    8|          0|
    |macRegisters_1_V_2_fu_198   |   8|   0|    8|          0|
    |macRegisters_2_V_2_fu_202   |   8|   0|    8|          0|
    |macRegisters_3_V_2_fu_206   |   8|   0|    8|          0|
    |nm_reg_297                  |   5|   0|    5|          0|
    |nm_t_mid2_reg_1055          |   4|   0|    4|          0|
    |sf_reg_308                  |   7|   0|    7|          0|
    |start_once_reg              |   1|   0|    1|          0|
    |tmp_142_1_reg_1122          |   8|   0|    8|          0|
    |tmp_142_2_reg_1132          |   8|   0|    8|          0|
    |tmp_142_3_reg_1142          |   8|   0|    8|          0|
    |tmp_147_1_reg_1127          |   1|   0|    1|          0|
    |tmp_147_2_reg_1137          |   1|   0|    1|          0|
    |tmp_147_3_reg_1147          |   1|   0|    1|          0|
    |tmp_48_reg_1068             |  10|   0|   10|          0|
    |tmp_53_reg_1112             |   8|   0|    8|          0|
    |tmp_54_reg_1117             |   1|   0|    1|          0|
    |tmp_55_reg_1073             |   1|   0|    1|          0|
    |tmp_V_49_reg_1087           |   8|   0|    8|          0|
    |exitcond_flatten4_reg_1046  |  64|  32|    1|          0|
    |nm_t_mid2_reg_1055          |  64|  32|    4|          0|
    |tmp_55_reg_1073             |  64|  32|    1|          0|
    +----------------------------+----+----+-----+-----------+
    |Total                       | 340|  96|  154|          0|
    +----------------------------+----+----+-----+-----------+



================================================================
== Interface
================================================================
* Summary: 
+----------------+-----+-----+------------+------------------+--------------+
|    RTL Ports   | Dir | Bits|  Protocol  |   Source Object  |    C Type    |
+----------------+-----+-----+------------+------------------+--------------+
|ap_clk          |  in |    1| ap_ctrl_hs | Conv1DMac_new323 | return value |
|ap_rst          |  in |    1| ap_ctrl_hs | Conv1DMac_new323 | return value |
|ap_start        |  in |    1| ap_ctrl_hs | Conv1DMac_new323 | return value |
|start_full_n    |  in |    1| ap_ctrl_hs | Conv1DMac_new323 | return value |
|ap_done         | out |    1| ap_ctrl_hs | Conv1DMac_new323 | return value |
|ap_continue     |  in |    1| ap_ctrl_hs | Conv1DMac_new323 | return value |
|ap_idle         | out |    1| ap_ctrl_hs | Conv1DMac_new323 | return value |
|ap_ready        | out |    1| ap_ctrl_hs | Conv1DMac_new323 | return value |
|start_out       | out |    1| ap_ctrl_hs | Conv1DMac_new323 | return value |
|start_write     | out |    1| ap_ctrl_hs | Conv1DMac_new323 | return value |
|in_V_V_dout     |  in |    8|   ap_fifo  |      in_V_V      |    pointer   |
|in_V_V_empty_n  |  in |    1|   ap_fifo  |      in_V_V      |    pointer   |
|in_V_V_read     | out |    1|   ap_fifo  |      in_V_V      |    pointer   |
|out_V_V_din     | out |   32|   ap_fifo  |      out_V_V     |    pointer   |
|out_V_V_full_n  |  in |    1|   ap_fifo  |      out_V_V     |    pointer   |
|out_V_V_write   | out |    1|   ap_fifo  |      out_V_V     |    pointer   |
+----------------+-----+-----+------------+------------------+--------------+

